# ******************************************************************************

# iCEcube Static Timer

# Version:            2020.12.27943

# Build Date:         Dec  9 2020 17:33:20

# File Generated:     Jun 9 2025 23:31:17

# Purpose:            Timing Report with critical paths info

# Copyright (C) 2006-2010 by Lattice Semiconductor Corp. All rights reserved.

# ******************************************************************************

Device: iCE40HX8K
Derating factors (Best:Typical:Worst) :-  ( 0.563724 : 0.623363 : 0.701346 )
Derating factor used to generate this timing report:  Worst
Based on the following operating conditions 
Junction Temperature(degree Celsius): 85
Core Voltage(V): 1.14
Process Corner:  Worst
NOTE:
Please check both worst-case and best-case scenarios for "Setup Times" 
and "Hold Times" checks
Maximum Operating Frequency is: N/A


 #####################################################################
                    3::Datasheet Report

All values are in Picoseconds
 =====================================================================

                        3.1::Setup Times
                        ----------------

Data Port  Clock Port  Setup Times  Clock Reference:Phase  
---------  ----------  -----------  ---------------------  


                       3.2::Clock to Out
                       -----------------

Data Port  Clock Port  Clock to Out  Clock Reference:Phase  
---------  ----------  ------------  ---------------------  


                         3.3::Pad to Pad
                         ---------------

Port Name (Input)  Port Name (Output)  Pad to Pad  
-----------------  ------------------  ----------  
pmod[0]            led[0]              11131       
pmod[0]            led[1]              11131       
pmod[0]            led[2]              11299       
pmod[1]            led[2]              10900       


                         3.4::Hold Times
                         ---------------

Data Port  Clock Port  Hold Times  Clock Reference:Phase  
---------  ----------  ----------  ---------------------  


               3.5::Minimum Clock to Out
               -------------------------

Data Port  Clock Port  Minimum Clock to Out  Clock Reference:Phase  
---------  ----------  --------------------  ---------------------  


                 3.6::Minimum Pad To Pad
                 -----------------------

Port Name (Input)  Port Name (Output)  Minimum Pad To Pad  
-----------------  ------------------  ------------------  
pmod[0]            led[0]              10356               
pmod[0]            led[1]              10356               
pmod[1]            led[2]              10068               
pmod[0]            led[2]              10517               

 =====================================================================
                    End of Datasheet Report
 #####################################################################

 #####################################################################
                    6::Path Details for DataSheet
 =====================================================================


6.3::PI to PO Path Details              
--------------------------------------------------

6.3.1::Path details for port: led[0]    
--------------------------------------------------

++++ Path 1 ++++++++++++++++++++++++++++++++++++++++++++++++++++++++++

Output Port      : led[0]
Input Port       : pmod[0]
Pad to Pad Delay : 11131

Pad to Pad Path
pin name                             model name                 delay  cummulative delay  edge  Fanout  
-----------------------------------  -------------------------  -----  -----------------  ----  ------  
pmod[0]                              main                       0      0                  RISE  1       
pmod_ibuf_0_iopad/PACKAGEPIN:in      IO_PAD                     0      0                  RISE  1       
pmod_ibuf_0_iopad/DOUT               IO_PAD                     760    760                RISE  1       
pmod_ibuf_0_preio/PADIN              PRE_IO_PIN_TYPE_000001     0      760                RISE  1       
pmod_ibuf_0_preio/DIN0               PRE_IO_PIN_TYPE_000001     617    1377               RISE  1       
I__19/I                              Odrv12                     0      1377               RISE  1       
I__19/O                              Odrv12                     491    1868               RISE  1       
I__20/I                              Span12Mux_h                0      1868               RISE  1       
I__20/O                              Span12Mux_h                491    2359               RISE  1       
I__21/I                              Sp12to4                    0      2359               RISE  1       
I__21/O                              Sp12to4                    428    2787               RISE  1       
I__22/I                              Span4Mux_v                 0      2787               RISE  1       
I__22/O                              Span4Mux_v                 351    3138               RISE  1       
I__23/I                              Span4Mux_h                 0      3138               RISE  1       
I__23/O                              Span4Mux_h                 302    3439               RISE  1       
I__24/I                              LocalMux                   0      3439               RISE  1       
I__24/O                              LocalMux                   330    3769               RISE  1       
I__26/I                              InMux                      0      3769               RISE  1       
I__26/O                              InMux                      259    4028               RISE  1       
pmod_ibuf_RNIT2F8_0_LC_17_7_1/in3    LogicCell40_SEQ_MODE_0000  0      4028               RISE  1       
pmod_ibuf_RNIT2F8_0_LC_17_7_1/lcout  LogicCell40_SEQ_MODE_0000  316    4344               RISE  2       
I__10/I                              Odrv4                      0      4344               RISE  1       
I__10/O                              Odrv4                      351    4695               RISE  1       
I__11/I                              Span4Mux_h                 0      4695               RISE  1       
I__11/O                              Span4Mux_h                 302    4996               RISE  1       
I__12/I                              Span4Mux_h                 0      4996               RISE  1       
I__12/O                              Span4Mux_h                 302    5298               RISE  1       
I__13/I                              Span4Mux_s3_h              0      5298               RISE  1       
I__13/O                              Span4Mux_s3_h              231    5529               RISE  1       
I__14/I                              IoSpan4Mux                 0      5529               RISE  1       
I__14/O                              IoSpan4Mux                 288    5817               RISE  1       
I__15/I                              LocalMux                   0      5817               RISE  1       
I__15/O                              LocalMux                   330    6146               RISE  1       
I__17/I                              IoInMux                    0      6146               RISE  1       
I__17/O                              IoInMux                    259    6406               RISE  1       
led_obuf_0_preio/DOUT0               PRE_IO_PIN_TYPE_011001     0      6406               RISE  1       
led_obuf_0_preio/PADOUT              PRE_IO_PIN_TYPE_011001     2237   8643               FALL  1       
led_obuf_0_iopad/DIN                 IO_PAD                     0      8643               FALL  1       
led_obuf_0_iopad/PACKAGEPIN:out      IO_PAD                     2488   11131              FALL  1       
led[0]                               main                       0      11131              FALL  1       

6.3.2::Path details for port: led[1]    
--------------------------------------------------

++++ Path 1 ++++++++++++++++++++++++++++++++++++++++++++++++++++++++++

Output Port      : led[1]
Input Port       : pmod[0]
Pad to Pad Delay : 11131

Pad to Pad Path
pin name                             model name                 delay  cummulative delay  edge  Fanout  
-----------------------------------  -------------------------  -----  -----------------  ----  ------  
pmod[0]                              main                       0      0                  RISE  1       
pmod_ibuf_0_iopad/PACKAGEPIN:in      IO_PAD                     0      0                  RISE  1       
pmod_ibuf_0_iopad/DOUT               IO_PAD                     760    760                RISE  1       
pmod_ibuf_0_preio/PADIN              PRE_IO_PIN_TYPE_000001     0      760                RISE  1       
pmod_ibuf_0_preio/DIN0               PRE_IO_PIN_TYPE_000001     617    1377               RISE  1       
I__19/I                              Odrv12                     0      1377               RISE  1       
I__19/O                              Odrv12                     491    1868               RISE  1       
I__20/I                              Span12Mux_h                0      1868               RISE  1       
I__20/O                              Span12Mux_h                491    2359               RISE  1       
I__21/I                              Sp12to4                    0      2359               RISE  1       
I__21/O                              Sp12to4                    428    2787               RISE  1       
I__22/I                              Span4Mux_v                 0      2787               RISE  1       
I__22/O                              Span4Mux_v                 351    3138               RISE  1       
I__23/I                              Span4Mux_h                 0      3138               RISE  1       
I__23/O                              Span4Mux_h                 302    3439               RISE  1       
I__24/I                              LocalMux                   0      3439               RISE  1       
I__24/O                              LocalMux                   330    3769               RISE  1       
I__26/I                              InMux                      0      3769               RISE  1       
I__26/O                              InMux                      259    4028               RISE  1       
pmod_ibuf_RNIT2F8_0_LC_17_7_1/in3    LogicCell40_SEQ_MODE_0000  0      4028               RISE  1       
pmod_ibuf_RNIT2F8_0_LC_17_7_1/lcout  LogicCell40_SEQ_MODE_0000  316    4344               RISE  2       
I__10/I                              Odrv4                      0      4344               RISE  1       
I__10/O                              Odrv4                      351    4695               RISE  1       
I__11/I                              Span4Mux_h                 0      4695               RISE  1       
I__11/O                              Span4Mux_h                 302    4996               RISE  1       
I__12/I                              Span4Mux_h                 0      4996               RISE  1       
I__12/O                              Span4Mux_h                 302    5298               RISE  1       
I__13/I                              Span4Mux_s3_h              0      5298               RISE  1       
I__13/O                              Span4Mux_s3_h              231    5529               RISE  1       
I__14/I                              IoSpan4Mux                 0      5529               RISE  1       
I__14/O                              IoSpan4Mux                 288    5817               RISE  1       
I__16/I                              LocalMux                   0      5817               RISE  1       
I__16/O                              LocalMux                   330    6146               RISE  1       
I__18/I                              IoInMux                    0      6146               RISE  1       
I__18/O                              IoInMux                    259    6406               RISE  1       
led_obuf_1_preio/DOUT0               PRE_IO_PIN_TYPE_011001     0      6406               RISE  1       
led_obuf_1_preio/PADOUT              PRE_IO_PIN_TYPE_011001     2237   8643               FALL  1       
led_obuf_1_iopad/DIN                 IO_PAD                     0      8643               FALL  1       
led_obuf_1_iopad/PACKAGEPIN:out      IO_PAD                     2488   11131              FALL  1       
led[1]                               main                       0      11131              FALL  1       

6.3.3::Path details for port: led[2]    
--------------------------------------------------

++++ Path 1 ++++++++++++++++++++++++++++++++++++++++++++++++++++++++++

Output Port      : led[2]
Input Port       : pmod[0]
Pad to Pad Delay : 11299

Pad to Pad Path
pin name                         model name                 delay  cummulative delay  edge  Fanout  
-------------------------------  -------------------------  -----  -----------------  ----  ------  
pmod[0]                          main                       0      0                  RISE  1       
pmod_ibuf_0_iopad/PACKAGEPIN:in  IO_PAD                     0      0                  RISE  1       
pmod_ibuf_0_iopad/DOUT           IO_PAD                     760    760                RISE  1       
pmod_ibuf_0_preio/PADIN          PRE_IO_PIN_TYPE_000001     0      760                RISE  1       
pmod_ibuf_0_preio/DIN0           PRE_IO_PIN_TYPE_000001     617    1377               RISE  1       
I__19/I                          Odrv12                     0      1377               RISE  1       
I__19/O                          Odrv12                     491    1868               RISE  1       
I__20/I                          Span12Mux_h                0      1868               RISE  1       
I__20/O                          Span12Mux_h                491    2359               RISE  1       
I__21/I                          Sp12to4                    0      2359               RISE  1       
I__21/O                          Sp12to4                    428    2787               RISE  1       
I__22/I                          Span4Mux_v                 0      2787               RISE  1       
I__22/O                          Span4Mux_v                 351    3138               RISE  1       
I__23/I                          Span4Mux_h                 0      3138               RISE  1       
I__23/O                          Span4Mux_h                 302    3439               RISE  1       
I__24/I                          LocalMux                   0      3439               RISE  1       
I__24/O                          LocalMux                   330    3769               RISE  1       
I__25/I                          InMux                      0      3769               RISE  1       
I__25/O                          InMux                      259    4028               RISE  1       
led_obuf_RNO_2_LC_17_7_0/in0     LogicCell40_SEQ_MODE_0000  0      4028               RISE  1       
led_obuf_RNO_2_LC_17_7_0/lcout   LogicCell40_SEQ_MODE_0000  386    4414               FALL  1       
I__27/I                          Odrv12                     0      4414               FALL  1       
I__27/O                          Odrv12                     540    4954               FALL  1       
I__28/I                          Span12Mux_s7_h             0      4954               FALL  1       
I__28/O                          Span12Mux_s7_h             323    5277               FALL  1       
I__29/I                          Sp12to4                    0      5277               FALL  1       
I__29/O                          Sp12to4                    449    5726               FALL  1       
I__30/I                          IoSpan4Mux                 0      5726               FALL  1       
I__30/O                          IoSpan4Mux                 323    6048               FALL  1       
I__31/I                          LocalMux                   0      6048               FALL  1       
I__31/O                          LocalMux                   309    6357               FALL  1       
I__32/I                          IoInMux                    0      6357               FALL  1       
I__32/O                          IoInMux                    217    6574               FALL  1       
led_obuf_2_preio/DOUT0           PRE_IO_PIN_TYPE_011001     0      6574               FALL  1       
led_obuf_2_preio/PADOUT          PRE_IO_PIN_TYPE_011001     2237   8811               FALL  1       
led_obuf_2_iopad/DIN             IO_PAD                     0      8811               FALL  1       
led_obuf_2_iopad/PACKAGEPIN:out  IO_PAD                     2488   11299              FALL  1       
led[2]                           main                       0      11299              FALL  1       

++++ Path 2 ++++++++++++++++++++++++++++++++++++++++++++++++++++++++++

Output Port      : led[2]
Input Port       : pmod[1]
Pad to Pad Delay : 10900

Pad to Pad Path
pin name                         model name                 delay  cummulative delay  edge  Fanout  
-------------------------------  -------------------------  -----  -----------------  ----  ------  
pmod[1]                          main                       0      0                  RISE  1       
pmod_ibuf_1_iopad/PACKAGEPIN:in  IO_PAD                     0      0                  RISE  1       
pmod_ibuf_1_iopad/DOUT           IO_PAD                     760    760                RISE  1       
pmod_ibuf_1_preio/PADIN          PRE_IO_PIN_TYPE_000001     0      760                RISE  1       
pmod_ibuf_1_preio/DIN0           PRE_IO_PIN_TYPE_000001     617    1377               RISE  1       
I__33/I                          Odrv12                     0      1377               RISE  1       
I__33/O                          Odrv12                     491    1868               RISE  1       
I__34/I                          Span12Mux_h                0      1868               RISE  1       
I__34/O                          Span12Mux_h                491    2359               RISE  1       
I__35/I                          Sp12to4                    0      2359               RISE  1       
I__35/O                          Sp12to4                    428    2787               RISE  1       
I__36/I                          Span4Mux_v                 0      2787               RISE  1       
I__36/O                          Span4Mux_v                 351    3138               RISE  1       
I__37/I                          LocalMux                   0      3138               RISE  1       
I__37/O                          LocalMux                   330    3467               RISE  1       
I__38/I                          InMux                      0      3467               RISE  1       
I__38/O                          InMux                      259    3727               RISE  1       
led_obuf_RNO_2_LC_17_7_0/in3     LogicCell40_SEQ_MODE_0000  0      3727               RISE  1       
led_obuf_RNO_2_LC_17_7_0/lcout   LogicCell40_SEQ_MODE_0000  288    4014               FALL  1       
I__27/I                          Odrv12                     0      4014               FALL  1       
I__27/O                          Odrv12                     540    4554               FALL  1       
I__28/I                          Span12Mux_s7_h             0      4554               FALL  1       
I__28/O                          Span12Mux_s7_h             323    4877               FALL  1       
I__29/I                          Sp12to4                    0      4877               FALL  1       
I__29/O                          Sp12to4                    449    5326               FALL  1       
I__30/I                          IoSpan4Mux                 0      5326               FALL  1       
I__30/O                          IoSpan4Mux                 323    5648               FALL  1       
I__31/I                          LocalMux                   0      5648               FALL  1       
I__31/O                          LocalMux                   309    5957               FALL  1       
I__32/I                          IoInMux                    0      5957               FALL  1       
I__32/O                          IoInMux                    217    6174               FALL  1       
led_obuf_2_preio/DOUT0           PRE_IO_PIN_TYPE_011001     0      6174               FALL  1       
led_obuf_2_preio/PADOUT          PRE_IO_PIN_TYPE_011001     2237   8412               FALL  1       
led_obuf_2_iopad/DIN             IO_PAD                     0      8412               FALL  1       
led_obuf_2_iopad/PACKAGEPIN:out  IO_PAD                     2488   10900              FALL  1       
led[2]                           main                       0      10900              FALL  1       

6.6::Min PI to PO Path Details          
--------------------------------------------------

6.6.1::Path details for port: led[0]    
--------------------------------------------------

++++ Path 1 ++++++++++++++++++++++++++++++++++++++++++++++++++++++++++

Output Port      : led[0]
Input Port       : pmod[0]
Pad to Pad Delay : 10356

Pad to Pad Path
pin name                             model name                 delay  cummulative delay  edge  Fanout  
-----------------------------------  -------------------------  -----  -----------------  ----  ------  
pmod[0]                              main                       0      0                  FALL  1       
pmod_ibuf_0_iopad/PACKAGEPIN:in      IO_PAD                     0      0                  FALL  1       
pmod_ibuf_0_iopad/DOUT               IO_PAD                     460    460                FALL  1       
pmod_ibuf_0_preio/PADIN              PRE_IO_PIN_TYPE_000001     0      460                FALL  1       
pmod_ibuf_0_preio/DIN0               PRE_IO_PIN_TYPE_000001     463    923                FALL  1       
I__19/I                              Odrv12                     0      923                FALL  1       
I__19/O                              Odrv12                     540    1463               FALL  1       
I__20/I                              Span12Mux_h                0      1463               FALL  1       
I__20/O                              Span12Mux_h                540    2003               FALL  1       
I__21/I                              Sp12to4                    0      2003               FALL  1       
I__21/O                              Sp12to4                    449    2452               FALL  1       
I__22/I                              Span4Mux_v                 0      2452               FALL  1       
I__22/O                              Span4Mux_v                 372    2824               FALL  1       
I__23/I                              Span4Mux_h                 0      2824               FALL  1       
I__23/O                              Span4Mux_h                 316    3139               FALL  1       
I__24/I                              LocalMux                   0      3139               FALL  1       
I__24/O                              LocalMux                   309    3448               FALL  1       
I__26/I                              InMux                      0      3448               FALL  1       
I__26/O                              InMux                      217    3665               FALL  1       
pmod_ibuf_RNIT2F8_0_LC_17_7_1/in3    LogicCell40_SEQ_MODE_0000  0      3665               FALL  1       
pmod_ibuf_RNIT2F8_0_LC_17_7_1/lcout  LogicCell40_SEQ_MODE_0000  288    3953               FALL  2       
I__10/I                              Odrv4                      0      3953               FALL  1       
I__10/O                              Odrv4                      372    4324               FALL  1       
I__11/I                              Span4Mux_h                 0      4324               FALL  1       
I__11/O                              Span4Mux_h                 316    4640               FALL  1       
I__12/I                              Span4Mux_h                 0      4640               FALL  1       
I__12/O                              Span4Mux_h                 316    4956               FALL  1       
I__13/I                              Span4Mux_s3_h              0      4956               FALL  1       
I__13/O                              Span4Mux_s3_h              231    5187               FALL  1       
I__14/I                              IoSpan4Mux                 0      5187               FALL  1       
I__14/O                              IoSpan4Mux                 323    5510               FALL  1       
I__15/I                              LocalMux                   0      5510               FALL  1       
I__15/O                              LocalMux                   309    5818               FALL  1       
I__17/I                              IoInMux                    0      5818               FALL  1       
I__17/O                              IoInMux                    217    6036               FALL  1       
led_obuf_0_preio/DOUT0               PRE_IO_PIN_TYPE_011001     0      6036               FALL  1       
led_obuf_0_preio/PADOUT              PRE_IO_PIN_TYPE_011001     2006   8042               RISE  1       
led_obuf_0_iopad/DIN                 IO_PAD                     0      8042               RISE  1       
led_obuf_0_iopad/PACKAGEPIN:out      IO_PAD                     2314   10356              RISE  1       
led[0]                               main                       0      10356              RISE  1       

6.6.2::Path details for port: led[1]    
--------------------------------------------------

++++ Path 1 ++++++++++++++++++++++++++++++++++++++++++++++++++++++++++

Output Port      : led[1]
Input Port       : pmod[0]
Pad to Pad Delay : 10356

Pad to Pad Path
pin name                             model name                 delay  cummulative delay  edge  Fanout  
-----------------------------------  -------------------------  -----  -----------------  ----  ------  
pmod[0]                              main                       0      0                  FALL  1       
pmod_ibuf_0_iopad/PACKAGEPIN:in      IO_PAD                     0      0                  FALL  1       
pmod_ibuf_0_iopad/DOUT               IO_PAD                     460    460                FALL  1       
pmod_ibuf_0_preio/PADIN              PRE_IO_PIN_TYPE_000001     0      460                FALL  1       
pmod_ibuf_0_preio/DIN0               PRE_IO_PIN_TYPE_000001     463    923                FALL  1       
I__19/I                              Odrv12                     0      923                FALL  1       
I__19/O                              Odrv12                     540    1463               FALL  1       
I__20/I                              Span12Mux_h                0      1463               FALL  1       
I__20/O                              Span12Mux_h                540    2003               FALL  1       
I__21/I                              Sp12to4                    0      2003               FALL  1       
I__21/O                              Sp12to4                    449    2452               FALL  1       
I__22/I                              Span4Mux_v                 0      2452               FALL  1       
I__22/O                              Span4Mux_v                 372    2824               FALL  1       
I__23/I                              Span4Mux_h                 0      2824               FALL  1       
I__23/O                              Span4Mux_h                 316    3139               FALL  1       
I__24/I                              LocalMux                   0      3139               FALL  1       
I__24/O                              LocalMux                   309    3448               FALL  1       
I__26/I                              InMux                      0      3448               FALL  1       
I__26/O                              InMux                      217    3665               FALL  1       
pmod_ibuf_RNIT2F8_0_LC_17_7_1/in3    LogicCell40_SEQ_MODE_0000  0      3665               FALL  1       
pmod_ibuf_RNIT2F8_0_LC_17_7_1/lcout  LogicCell40_SEQ_MODE_0000  288    3953               FALL  2       
I__10/I                              Odrv4                      0      3953               FALL  1       
I__10/O                              Odrv4                      372    4324               FALL  1       
I__11/I                              Span4Mux_h                 0      4324               FALL  1       
I__11/O                              Span4Mux_h                 316    4640               FALL  1       
I__12/I                              Span4Mux_h                 0      4640               FALL  1       
I__12/O                              Span4Mux_h                 316    4956               FALL  1       
I__13/I                              Span4Mux_s3_h              0      4956               FALL  1       
I__13/O                              Span4Mux_s3_h              231    5187               FALL  1       
I__14/I                              IoSpan4Mux                 0      5187               FALL  1       
I__14/O                              IoSpan4Mux                 323    5510               FALL  1       
I__16/I                              LocalMux                   0      5510               FALL  1       
I__16/O                              LocalMux                   309    5818               FALL  1       
I__18/I                              IoInMux                    0      5818               FALL  1       
I__18/O                              IoInMux                    217    6036               FALL  1       
led_obuf_1_preio/DOUT0               PRE_IO_PIN_TYPE_011001     0      6036               FALL  1       
led_obuf_1_preio/PADOUT              PRE_IO_PIN_TYPE_011001     2006   8042               RISE  1       
led_obuf_1_iopad/DIN                 IO_PAD                     0      8042               RISE  1       
led_obuf_1_iopad/PACKAGEPIN:out      IO_PAD                     2314   10356              RISE  1       
led[1]                               main                       0      10356              RISE  1       

6.6.3::Path details for port: led[2]    
--------------------------------------------------

++++ Path 1 ++++++++++++++++++++++++++++++++++++++++++++++++++++++++++

Output Port      : led[2]
Input Port       : pmod[1]
Pad to Pad Delay : 10068

Pad to Pad Path
pin name                         model name                 delay  cummulative delay  edge  Fanout  
-------------------------------  -------------------------  -----  -----------------  ----  ------  
pmod[1]                          main                       0      0                  FALL  1       
pmod_ibuf_1_iopad/PACKAGEPIN:in  IO_PAD                     0      0                  FALL  1       
pmod_ibuf_1_iopad/DOUT           IO_PAD                     460    460                FALL  1       
pmod_ibuf_1_preio/PADIN          PRE_IO_PIN_TYPE_000001     0      460                FALL  1       
pmod_ibuf_1_preio/DIN0           PRE_IO_PIN_TYPE_000001     463    923                FALL  1       
I__33/I                          Odrv12                     0      923                FALL  1       
I__33/O                          Odrv12                     540    1463               FALL  1       
I__34/I                          Span12Mux_h                0      1463               FALL  1       
I__34/O                          Span12Mux_h                540    2003               FALL  1       
I__35/I                          Sp12to4                    0      2003               FALL  1       
I__35/O                          Sp12to4                    449    2452               FALL  1       
I__36/I                          Span4Mux_v                 0      2452               FALL  1       
I__36/O                          Span4Mux_v                 372    2824               FALL  1       
I__37/I                          LocalMux                   0      2824               FALL  1       
I__37/O                          LocalMux                   309    3132               FALL  1       
I__38/I                          InMux                      0      3132               FALL  1       
I__38/O                          InMux                      217    3350               FALL  1       
led_obuf_RNO_2_LC_17_7_0/in3     LogicCell40_SEQ_MODE_0000  0      3350               FALL  1       
led_obuf_RNO_2_LC_17_7_0/lcout   LogicCell40_SEQ_MODE_0000  316    3665               RISE  1       
I__27/I                          Odrv12                     0      3665               RISE  1       
I__27/O                          Odrv12                     491    4156               RISE  1       
I__28/I                          Span12Mux_s7_h             0      4156               RISE  1       
I__28/O                          Span12Mux_s7_h             288    4444               RISE  1       
I__29/I                          Sp12to4                    0      4444               RISE  1       
I__29/O                          Sp12to4                    428    4871               RISE  1       
I__30/I                          IoSpan4Mux                 0      4871               RISE  1       
I__30/O                          IoSpan4Mux                 288    5159               RISE  1       
I__31/I                          LocalMux                   0      5159               RISE  1       
I__31/O                          LocalMux                   330    5489               RISE  1       
I__32/I                          IoInMux                    0      5489               RISE  1       
I__32/O                          IoInMux                    259    5748               RISE  1       
led_obuf_2_preio/DOUT0           PRE_IO_PIN_TYPE_011001     0      5748               RISE  1       
led_obuf_2_preio/PADOUT          PRE_IO_PIN_TYPE_011001     2006   7754               RISE  1       
led_obuf_2_iopad/DIN             IO_PAD                     0      7754               RISE  1       
led_obuf_2_iopad/PACKAGEPIN:out  IO_PAD                     2314   10068              RISE  1       
led[2]                           main                       0      10068              RISE  1       

++++ Path 2 ++++++++++++++++++++++++++++++++++++++++++++++++++++++++++

Output Port      : led[2]
Input Port       : pmod[0]
Pad to Pad Delay : 10517

Pad to Pad Path
pin name                         model name                 delay  cummulative delay  edge  Fanout  
-------------------------------  -------------------------  -----  -----------------  ----  ------  
pmod[0]                          main                       0      0                  FALL  1       
pmod_ibuf_0_iopad/PACKAGEPIN:in  IO_PAD                     0      0                  FALL  1       
pmod_ibuf_0_iopad/DOUT           IO_PAD                     460    460                FALL  1       
pmod_ibuf_0_preio/PADIN          PRE_IO_PIN_TYPE_000001     0      460                FALL  1       
pmod_ibuf_0_preio/DIN0           PRE_IO_PIN_TYPE_000001     463    923                FALL  1       
I__19/I                          Odrv12                     0      923                FALL  1       
I__19/O                          Odrv12                     540    1463               FALL  1       
I__20/I                          Span12Mux_h                0      1463               FALL  1       
I__20/O                          Span12Mux_h                540    2003               FALL  1       
I__21/I                          Sp12to4                    0      2003               FALL  1       
I__21/O                          Sp12to4                    449    2452               FALL  1       
I__22/I                          Span4Mux_v                 0      2452               FALL  1       
I__22/O                          Span4Mux_v                 372    2824               FALL  1       
I__23/I                          Span4Mux_h                 0      2824               FALL  1       
I__23/O                          Span4Mux_h                 316    3139               FALL  1       
I__24/I                          LocalMux                   0      3139               FALL  1       
I__24/O                          LocalMux                   309    3448               FALL  1       
I__25/I                          InMux                      0      3448               FALL  1       
I__25/O                          InMux                      217    3665               FALL  1       
led_obuf_RNO_2_LC_17_7_0/in0     LogicCell40_SEQ_MODE_0000  0      3665               FALL  1       
led_obuf_RNO_2_LC_17_7_0/lcout   LogicCell40_SEQ_MODE_0000  449    4114               RISE  1       
I__27/I                          Odrv12                     0      4114               RISE  1       
I__27/O                          Odrv12                     491    4605               RISE  1       
I__28/I                          Span12Mux_s7_h             0      4605               RISE  1       
I__28/O                          Span12Mux_s7_h             288    4893               RISE  1       
I__29/I                          Sp12to4                    0      4893               RISE  1       
I__29/O                          Sp12to4                    428    5320               RISE  1       
I__30/I                          IoSpan4Mux                 0      5320               RISE  1       
I__30/O                          IoSpan4Mux                 288    5608               RISE  1       
I__31/I                          LocalMux                   0      5608               RISE  1       
I__31/O                          LocalMux                   330    5938               RISE  1       
I__32/I                          IoInMux                    0      5938               RISE  1       
I__32/O                          IoInMux                    259    6197               RISE  1       
led_obuf_2_preio/DOUT0           PRE_IO_PIN_TYPE_011001     0      6197               RISE  1       
led_obuf_2_preio/PADOUT          PRE_IO_PIN_TYPE_011001     2006   8203               RISE  1       
led_obuf_2_iopad/DIN             IO_PAD                     0      8203               RISE  1       
led_obuf_2_iopad/PACKAGEPIN:out  IO_PAD                     2314   10517              RISE  1       
led[2]                           main                       0      10517              RISE  1       


 =====================================================================
                    End of Path Details for Datasheet
 #####################################################################

##################################################################### 
                    Detailed Setup Report for all timing paths 
===================================================================== 

++++ Path 1 ++++++++++++++++++++++++++++++++++++++++++++++++++++++++++ 

Path Begin       : pmod[1]
Path End         : led[2]
Setup Constraint : +INF
Path slack       : +INF

End-of-path required time (ps)           +INF

Launch Clock Arrival Time (DEFAULT:R#0)       0
+ Launch Clock Source Latency                 0
+ Input Delay                                 0
+ Data Path Delay                         10823
---------------------------------------   ----- 
End-of-path arrival time (ps)             10823
 
Data path
pin name                         model name                 delay  cumulative delay  slack  edge  Fanout
-------------------------------  -------------------------  -----  ----------------  -----  ----  ------
pmod[1]                          main                           0                 0   +INF  RISE       1
pmod_ibuf_1_iopad/PACKAGEPIN:in  IO_PAD                         0                 0   +INF  RISE       1
pmod_ibuf_1_iopad/DOUT           IO_PAD                       760               760   +INF  RISE       1
pmod_ibuf_1_preio/PADIN          PRE_IO_PIN_TYPE_000001         0               760   +INF  RISE       1
pmod_ibuf_1_preio/DIN0           PRE_IO_PIN_TYPE_000001       463              1223   +INF  FALL       1
I__33/I                          Odrv12                         0              1223   +INF  FALL       1
I__33/O                          Odrv12                       540              1763   +INF  FALL       1
I__34/I                          Span12Mux_h                    0              1763   +INF  FALL       1
I__34/O                          Span12Mux_h                  540              2303   +INF  FALL       1
I__35/I                          Sp12to4                        0              2303   +INF  FALL       1
I__35/O                          Sp12to4                      449              2752   +INF  FALL       1
I__36/I                          Span4Mux_v                     0              2752   +INF  FALL       1
I__36/O                          Span4Mux_v                   372              3124   +INF  FALL       1
I__37/I                          LocalMux                       0              3124   +INF  FALL       1
I__37/O                          LocalMux                     309              3432   +INF  FALL       1
I__38/I                          InMux                          0              3432   +INF  FALL       1
I__38/O                          InMux                        217              3650   +INF  FALL       1
led_obuf_RNO_2_LC_17_7_0/in3     LogicCell40_SEQ_MODE_0000      0              3650   +INF  FALL       1
led_obuf_RNO_2_LC_17_7_0/lcout   LogicCell40_SEQ_MODE_0000    288              3937   +INF  FALL       1
I__27/I                          Odrv12                         0              3937   +INF  FALL       1
I__27/O                          Odrv12                       540              4477   +INF  FALL       1
I__28/I                          Span12Mux_s7_h                 0              4477   +INF  FALL       1
I__28/O                          Span12Mux_s7_h               323              4800   +INF  FALL       1
I__29/I                          Sp12to4                        0              4800   +INF  FALL       1
I__29/O                          Sp12to4                      449              5249   +INF  FALL       1
I__30/I                          IoSpan4Mux                     0              5249   +INF  FALL       1
I__30/O                          IoSpan4Mux                   323              5571   +INF  FALL       1
I__31/I                          LocalMux                       0              5571   +INF  FALL       1
I__31/O                          LocalMux                     309              5880   +INF  FALL       1
I__32/I                          IoInMux                        0              5880   +INF  FALL       1
I__32/O                          IoInMux                      217              6097   +INF  FALL       1
led_obuf_2_preio/DOUT0           PRE_IO_PIN_TYPE_011001         0              6097   +INF  FALL       1
led_obuf_2_preio/PADOUT          PRE_IO_PIN_TYPE_011001      2237              8335   +INF  FALL       1
led_obuf_2_iopad/DIN             IO_PAD                         0              8335   +INF  FALL       1
led_obuf_2_iopad/PACKAGEPIN:out  IO_PAD                      2488             10823   +INF  FALL       1
led[2]                           main                           0             10823   +INF  FALL       1


++++ Path 2 ++++++++++++++++++++++++++++++++++++++++++++++++++++++++++ 

Path Begin       : pmod[0]
Path End         : led[0]
Setup Constraint : +INF
Path slack       : +INF

End-of-path required time (ps)           +INF

Launch Clock Arrival Time (DEFAULT:R#0)       0
+ Launch Clock Source Latency                 0
+ Input Delay                                 0
+ Data Path Delay                         11061
---------------------------------------   ----- 
End-of-path arrival time (ps)             11061
 
Data path
pin name                             model name                 delay  cumulative delay  slack  edge  Fanout
-----------------------------------  -------------------------  -----  ----------------  -----  ----  ------
pmod[0]                              main                           0                 0   +INF  RISE       1
pmod_ibuf_0_iopad/PACKAGEPIN:in      IO_PAD                         0                 0   +INF  RISE       1
pmod_ibuf_0_iopad/DOUT               IO_PAD                       760               760   +INF  RISE       1
pmod_ibuf_0_preio/PADIN              PRE_IO_PIN_TYPE_000001         0               760   +INF  RISE       1
pmod_ibuf_0_preio/DIN0               PRE_IO_PIN_TYPE_000001       463              1223   +INF  FALL       1
I__19/I                              Odrv12                         0              1223   +INF  FALL       1
I__19/O                              Odrv12                       540              1763   +INF  FALL       1
I__20/I                              Span12Mux_h                    0              1763   +INF  FALL       1
I__20/O                              Span12Mux_h                  540              2303   +INF  FALL       1
I__21/I                              Sp12to4                        0              2303   +INF  FALL       1
I__21/O                              Sp12to4                      449              2752   +INF  FALL       1
I__22/I                              Span4Mux_v                     0              2752   +INF  FALL       1
I__22/O                              Span4Mux_v                   372              3124   +INF  FALL       1
I__23/I                              Span4Mux_h                     0              3124   +INF  FALL       1
I__23/O                              Span4Mux_h                   316              3439   +INF  FALL       1
I__24/I                              LocalMux                       0              3439   +INF  FALL       1
I__24/O                              LocalMux                     309              3748   +INF  FALL       1
I__26/I                              InMux                          0              3748   +INF  FALL       1
I__26/O                              InMux                        217              3965   +INF  FALL       1
pmod_ibuf_RNIT2F8_0_LC_17_7_1/in3    LogicCell40_SEQ_MODE_0000      0              3965   +INF  FALL       1
pmod_ibuf_RNIT2F8_0_LC_17_7_1/lcout  LogicCell40_SEQ_MODE_0000    288              4253   +INF  FALL       2
I__10/I                              Odrv4                          0              4253   +INF  FALL       1
I__10/O                              Odrv4                        372              4624   +INF  FALL       1
I__11/I                              Span4Mux_h                     0              4624   +INF  FALL       1
I__11/O                              Span4Mux_h                   316              4940   +INF  FALL       1
I__12/I                              Span4Mux_h                     0              4940   +INF  FALL       1
I__12/O                              Span4Mux_h                   316              5256   +INF  FALL       1
I__13/I                              Span4Mux_s3_h                  0              5256   +INF  FALL       1
I__13/O                              Span4Mux_s3_h                231              5487   +INF  FALL       1
I__14/I                              IoSpan4Mux                     0              5487   +INF  FALL       1
I__14/O                              IoSpan4Mux                   323              5810   +INF  FALL       1
I__15/I                              LocalMux                       0              5810   +INF  FALL       1
I__15/O                              LocalMux                     309              6118   +INF  FALL       1
I__17/I                              IoInMux                        0              6118   +INF  FALL       1
I__17/O                              IoInMux                      217              6336   +INF  FALL       1
led_obuf_0_preio/DOUT0               PRE_IO_PIN_TYPE_011001         0              6336   +INF  FALL       1
led_obuf_0_preio/PADOUT              PRE_IO_PIN_TYPE_011001      2237              8573   +INF  FALL       1
led_obuf_0_iopad/DIN                 IO_PAD                         0              8573   +INF  FALL       1
led_obuf_0_iopad/PACKAGEPIN:out      IO_PAD                      2488             11061   +INF  FALL       1
led[0]                               main                           0             11061   +INF  FALL       1


++++ Path 3 ++++++++++++++++++++++++++++++++++++++++++++++++++++++++++ 

Path Begin       : pmod[0]
Path End         : led[1]
Setup Constraint : +INF
Path slack       : +INF

End-of-path required time (ps)           +INF

Launch Clock Arrival Time (DEFAULT:R#0)       0
+ Launch Clock Source Latency                 0
+ Input Delay                                 0
+ Data Path Delay                         11011
---------------------------------------   ----- 
End-of-path arrival time (ps)             11011
 
Data path
pin name                             model name                 delay  cumulative delay  slack  edge  Fanout
-----------------------------------  -------------------------  -----  ----------------  -----  ----  ------
pmod[0]                              main                           0                 0   +INF  FALL       1
pmod_ibuf_0_iopad/PACKAGEPIN:in      IO_PAD                         0                 0   +INF  FALL       1
pmod_ibuf_0_iopad/DOUT               IO_PAD                       710               710   +INF  FALL       1
pmod_ibuf_0_preio/PADIN              PRE_IO_PIN_TYPE_000001         0               710   +INF  FALL       1
pmod_ibuf_0_preio/DIN0               PRE_IO_PIN_TYPE_000001       463              1173   +INF  FALL       1
I__19/I                              Odrv12                         0              1173   +INF  FALL       1
I__19/O                              Odrv12                       540              1713   +INF  FALL       1
I__20/I                              Span12Mux_h                    0              1713   +INF  FALL       1
I__20/O                              Span12Mux_h                  540              2253   +INF  FALL       1
I__21/I                              Sp12to4                        0              2253   +INF  FALL       1
I__21/O                              Sp12to4                      449              2702   +INF  FALL       1
I__22/I                              Span4Mux_v                     0              2702   +INF  FALL       1
I__22/O                              Span4Mux_v                   372              3074   +INF  FALL       1
I__23/I                              Span4Mux_h                     0              3074   +INF  FALL       1
I__23/O                              Span4Mux_h                   316              3389   +INF  FALL       1
I__24/I                              LocalMux                       0              3389   +INF  FALL       1
I__24/O                              LocalMux                     309              3698   +INF  FALL       1
I__26/I                              InMux                          0              3698   +INF  FALL       1
I__26/O                              InMux                        217              3915   +INF  FALL       1
pmod_ibuf_RNIT2F8_0_LC_17_7_1/in3    LogicCell40_SEQ_MODE_0000      0              3915   +INF  FALL       1
pmod_ibuf_RNIT2F8_0_LC_17_7_1/lcout  LogicCell40_SEQ_MODE_0000    288              4203   +INF  FALL       2
I__10/I                              Odrv4                          0              4203   +INF  FALL       1
I__10/O                              Odrv4                        372              4574   +INF  FALL       1
I__11/I                              Span4Mux_h                     0              4574   +INF  FALL       1
I__11/O                              Span4Mux_h                   316              4890   +INF  FALL       1
I__12/I                              Span4Mux_h                     0              4890   +INF  FALL       1
I__12/O                              Span4Mux_h                   316              5206   +INF  FALL       1
I__13/I                              Span4Mux_s3_h                  0              5206   +INF  FALL       1
I__13/O                              Span4Mux_s3_h                231              5437   +INF  FALL       1
I__14/I                              IoSpan4Mux                     0              5437   +INF  FALL       1
I__14/O                              IoSpan4Mux                   323              5760   +INF  FALL       1
I__16/I                              LocalMux                       0              5760   +INF  FALL       1
I__16/O                              LocalMux                     309              6068   +INF  FALL       1
I__18/I                              IoInMux                        0              6068   +INF  FALL       1
I__18/O                              IoInMux                      217              6286   +INF  FALL       1
led_obuf_1_preio/DOUT0               PRE_IO_PIN_TYPE_011001         0              6286   +INF  FALL       1
led_obuf_1_preio/PADOUT              PRE_IO_PIN_TYPE_011001      2237              8523   +INF  FALL       1
led_obuf_1_iopad/DIN                 IO_PAD                         0              8523   +INF  FALL       1
led_obuf_1_iopad/PACKAGEPIN:out      IO_PAD                      2488             11011   +INF  FALL       1
led[1]                               main                           0             11011   +INF  FALL       1

===================================================================== 
                    End of Detailed Setup Report for all timing paths 
##################################################################### 

##################################################################### 
                    Detailed Hold Report for all timing paths 
===================================================================== 

++++ Path 1 ++++++++++++++++++++++++++++++++++++++++++++++++++++++++++ 

Path Begin       : pmod[1]
Path End         : led[2]
Hold Constraint  : -INF
Path slack       : +INF

End-of-path required time (ps)           +INF

Launch Clock Arrival Time (DEFAULT:R#0)       0
+ Launch Clock Source Latency                 0
+ Input Delay                                 0
+ Data Path Delay                         10573
---------------------------------------   ----- 
End-of-path arrival time (ps)             10573
 
Data path
pin name                         model name                 delay  cumulative delay  slack  edge  Fanout
-------------------------------  -------------------------  -----  ----------------  -----  ----  ------
pmod[1]                          main                           0                 0   +INF  RISE       1
pmod_ibuf_1_iopad/PACKAGEPIN:in  IO_PAD                         0                 0   +INF  RISE       1
pmod_ibuf_1_iopad/DOUT           IO_PAD                       510               510   +INF  RISE       1
pmod_ibuf_1_preio/PADIN          PRE_IO_PIN_TYPE_000001         0               510   +INF  RISE       1
pmod_ibuf_1_preio/DIN0           PRE_IO_PIN_TYPE_000001       463               973   +INF  FALL       1
I__33/I                          Odrv12                         0               973   +INF  FALL       1
I__33/O                          Odrv12                       540              1513   +INF  FALL       1
I__34/I                          Span12Mux_h                    0              1513   +INF  FALL       1
I__34/O                          Span12Mux_h                  540              2053   +INF  FALL       1
I__35/I                          Sp12to4                        0              2053   +INF  FALL       1
I__35/O                          Sp12to4                      449              2502   +INF  FALL       1
I__36/I                          Span4Mux_v                     0              2502   +INF  FALL       1
I__36/O                          Span4Mux_v                   372              2874   +INF  FALL       1
I__37/I                          LocalMux                       0              2874   +INF  FALL       1
I__37/O                          LocalMux                     309              3182   +INF  FALL       1
I__38/I                          InMux                          0              3182   +INF  FALL       1
I__38/O                          InMux                        217              3400   +INF  FALL       1
led_obuf_RNO_2_LC_17_7_0/in3     LogicCell40_SEQ_MODE_0000      0              3400   +INF  FALL       1
led_obuf_RNO_2_LC_17_7_0/lcout   LogicCell40_SEQ_MODE_0000    288              3687   +INF  FALL       1
I__27/I                          Odrv12                         0              3687   +INF  FALL       1
I__27/O                          Odrv12                       540              4227   +INF  FALL       1
I__28/I                          Span12Mux_s7_h                 0              4227   +INF  FALL       1
I__28/O                          Span12Mux_s7_h               323              4550   +INF  FALL       1
I__29/I                          Sp12to4                        0              4550   +INF  FALL       1
I__29/O                          Sp12to4                      449              4999   +INF  FALL       1
I__30/I                          IoSpan4Mux                     0              4999   +INF  FALL       1
I__30/O                          IoSpan4Mux                   323              5321   +INF  FALL       1
I__31/I                          LocalMux                       0              5321   +INF  FALL       1
I__31/O                          LocalMux                     309              5630   +INF  FALL       1
I__32/I                          IoInMux                        0              5630   +INF  FALL       1
I__32/O                          IoInMux                      217              5847   +INF  FALL       1
led_obuf_2_preio/DOUT0           PRE_IO_PIN_TYPE_011001         0              5847   +INF  FALL       1
led_obuf_2_preio/PADOUT          PRE_IO_PIN_TYPE_011001      2237              8085   +INF  FALL       1
led_obuf_2_iopad/DIN             IO_PAD                         0              8085   +INF  FALL       1
led_obuf_2_iopad/PACKAGEPIN:out  IO_PAD                      2488             10573   +INF  FALL       1
led[2]                           main                           0             10573   +INF  FALL       1


++++ Path 2 ++++++++++++++++++++++++++++++++++++++++++++++++++++++++++ 

Path Begin       : pmod[0]
Path End         : led[0]
Hold Constraint  : -INF
Path slack       : +INF

End-of-path required time (ps)           +INF

Launch Clock Arrival Time (DEFAULT:R#0)       0
+ Launch Clock Source Latency                 0
+ Input Delay                                 0
+ Data Path Delay                         10811
---------------------------------------   ----- 
End-of-path arrival time (ps)             10811
 
Data path
pin name                             model name                 delay  cumulative delay  slack  edge  Fanout
-----------------------------------  -------------------------  -----  ----------------  -----  ----  ------
pmod[0]                              main                           0                 0   +INF  RISE       1
pmod_ibuf_0_iopad/PACKAGEPIN:in      IO_PAD                         0                 0   +INF  RISE       1
pmod_ibuf_0_iopad/DOUT               IO_PAD                       510               510   +INF  RISE       1
pmod_ibuf_0_preio/PADIN              PRE_IO_PIN_TYPE_000001         0               510   +INF  RISE       1
pmod_ibuf_0_preio/DIN0               PRE_IO_PIN_TYPE_000001       463               973   +INF  FALL       1
I__19/I                              Odrv12                         0               973   +INF  FALL       1
I__19/O                              Odrv12                       540              1513   +INF  FALL       1
I__20/I                              Span12Mux_h                    0              1513   +INF  FALL       1
I__20/O                              Span12Mux_h                  540              2053   +INF  FALL       1
I__21/I                              Sp12to4                        0              2053   +INF  FALL       1
I__21/O                              Sp12to4                      449              2502   +INF  FALL       1
I__22/I                              Span4Mux_v                     0              2502   +INF  FALL       1
I__22/O                              Span4Mux_v                   372              2874   +INF  FALL       1
I__23/I                              Span4Mux_h                     0              2874   +INF  FALL       1
I__23/O                              Span4Mux_h                   316              3189   +INF  FALL       1
I__24/I                              LocalMux                       0              3189   +INF  FALL       1
I__24/O                              LocalMux                     309              3498   +INF  FALL       1
I__26/I                              InMux                          0              3498   +INF  FALL       1
I__26/O                              InMux                        217              3715   +INF  FALL       1
pmod_ibuf_RNIT2F8_0_LC_17_7_1/in3    LogicCell40_SEQ_MODE_0000      0              3715   +INF  FALL       1
pmod_ibuf_RNIT2F8_0_LC_17_7_1/lcout  LogicCell40_SEQ_MODE_0000    288              4003   +INF  FALL       2
I__10/I                              Odrv4                          0              4003   +INF  FALL       1
I__10/O                              Odrv4                        372              4374   +INF  FALL       1
I__11/I                              Span4Mux_h                     0              4374   +INF  FALL       1
I__11/O                              Span4Mux_h                   316              4690   +INF  FALL       1
I__12/I                              Span4Mux_h                     0              4690   +INF  FALL       1
I__12/O                              Span4Mux_h                   316              5006   +INF  FALL       1
I__13/I                              Span4Mux_s3_h                  0              5006   +INF  FALL       1
I__13/O                              Span4Mux_s3_h                231              5237   +INF  FALL       1
I__14/I                              IoSpan4Mux                     0              5237   +INF  FALL       1
I__14/O                              IoSpan4Mux                   323              5560   +INF  FALL       1
I__15/I                              LocalMux                       0              5560   +INF  FALL       1
I__15/O                              LocalMux                     309              5868   +INF  FALL       1
I__17/I                              IoInMux                        0              5868   +INF  FALL       1
I__17/O                              IoInMux                      217              6086   +INF  FALL       1
led_obuf_0_preio/DOUT0               PRE_IO_PIN_TYPE_011001         0              6086   +INF  FALL       1
led_obuf_0_preio/PADOUT              PRE_IO_PIN_TYPE_011001      2237              8323   +INF  FALL       1
led_obuf_0_iopad/DIN                 IO_PAD                         0              8323   +INF  FALL       1
led_obuf_0_iopad/PACKAGEPIN:out      IO_PAD                      2488             10811   +INF  FALL       1
led[0]                               main                           0             10811   +INF  FALL       1


++++ Path 3 ++++++++++++++++++++++++++++++++++++++++++++++++++++++++++ 

Path Begin       : pmod[0]
Path End         : led[1]
Hold Constraint  : -INF
Path slack       : +INF

End-of-path required time (ps)           +INF

Launch Clock Arrival Time (DEFAULT:R#0)       0
+ Launch Clock Source Latency                 0
+ Input Delay                                 0
+ Data Path Delay                         10761
---------------------------------------   ----- 
End-of-path arrival time (ps)             10761
 
Data path
pin name                             model name                 delay  cumulative delay  slack  edge  Fanout
-----------------------------------  -------------------------  -----  ----------------  -----  ----  ------
pmod[0]                              main                           0                 0   +INF  FALL       1
pmod_ibuf_0_iopad/PACKAGEPIN:in      IO_PAD                         0                 0   +INF  FALL       1
pmod_ibuf_0_iopad/DOUT               IO_PAD                       460               460   +INF  FALL       1
pmod_ibuf_0_preio/PADIN              PRE_IO_PIN_TYPE_000001         0               460   +INF  FALL       1
pmod_ibuf_0_preio/DIN0               PRE_IO_PIN_TYPE_000001       463               923   +INF  FALL       1
I__19/I                              Odrv12                         0               923   +INF  FALL       1
I__19/O                              Odrv12                       540              1463   +INF  FALL       1
I__20/I                              Span12Mux_h                    0              1463   +INF  FALL       1
I__20/O                              Span12Mux_h                  540              2003   +INF  FALL       1
I__21/I                              Sp12to4                        0              2003   +INF  FALL       1
I__21/O                              Sp12to4                      449              2452   +INF  FALL       1
I__22/I                              Span4Mux_v                     0              2452   +INF  FALL       1
I__22/O                              Span4Mux_v                   372              2824   +INF  FALL       1
I__23/I                              Span4Mux_h                     0              2824   +INF  FALL       1
I__23/O                              Span4Mux_h                   316              3139   +INF  FALL       1
I__24/I                              LocalMux                       0              3139   +INF  FALL       1
I__24/O                              LocalMux                     309              3448   +INF  FALL       1
I__26/I                              InMux                          0              3448   +INF  FALL       1
I__26/O                              InMux                        217              3665   +INF  FALL       1
pmod_ibuf_RNIT2F8_0_LC_17_7_1/in3    LogicCell40_SEQ_MODE_0000      0              3665   +INF  FALL       1
pmod_ibuf_RNIT2F8_0_LC_17_7_1/lcout  LogicCell40_SEQ_MODE_0000    288              3953   +INF  FALL       2
I__10/I                              Odrv4                          0              3953   +INF  FALL       1
I__10/O                              Odrv4                        372              4324   +INF  FALL       1
I__11/I                              Span4Mux_h                     0              4324   +INF  FALL       1
I__11/O                              Span4Mux_h                   316              4640   +INF  FALL       1
I__12/I                              Span4Mux_h                     0              4640   +INF  FALL       1
I__12/O                              Span4Mux_h                   316              4956   +INF  FALL       1
I__13/I                              Span4Mux_s3_h                  0              4956   +INF  FALL       1
I__13/O                              Span4Mux_s3_h                231              5187   +INF  FALL       1
I__14/I                              IoSpan4Mux                     0              5187   +INF  FALL       1
I__14/O                              IoSpan4Mux                   323              5510   +INF  FALL       1
I__16/I                              LocalMux                       0              5510   +INF  FALL       1
I__16/O                              LocalMux                     309              5818   +INF  FALL       1
I__18/I                              IoInMux                        0              5818   +INF  FALL       1
I__18/O                              IoInMux                      217              6036   +INF  FALL       1
led_obuf_1_preio/DOUT0               PRE_IO_PIN_TYPE_011001         0              6036   +INF  FALL       1
led_obuf_1_preio/PADOUT              PRE_IO_PIN_TYPE_011001      2237              8273   +INF  FALL       1
led_obuf_1_iopad/DIN                 IO_PAD                         0              8273   +INF  FALL       1
led_obuf_1_iopad/PACKAGEPIN:out      IO_PAD                      2488             10761   +INF  FALL       1
led[1]                               main                           0             10761   +INF  FALL       1

===================================================================== 
                    End of Detailed Hold Report for all timing paths 
##################################################################### 

##################################################################### 
                    End of Timing Report 
##################################################################### 

