# ******************************************************************************

# iCEcube Static Timer

# Version:            2020.12.27943

# Build Date:         Dec  9 2020 17:33:20

# File Generated:     Jun 7 2025 22:19:22

# Purpose:            Timing Report with critical paths info

# Copyright (C) 2006-2010 by Lattice Semiconductor Corp. All rights reserved.

# ******************************************************************************

Device: iCE40HX8K
Derating factors (Best:Typical:Worst) :-  ( 0.563724 : 0.623363 : 0.701346 )
Derating factor used to generate this timing report:  Worst
Based on the following operating conditions 
Junction Temperature(degree Celsius): 85
Core Voltage(V): 1.14
Process Corner:  Worst
NOTE:
Please check both worst-case and best-case scenarios for "Setup Times" 
and "Hold Times" checks
Maximum Operating Frequency is: N/A


 #####################################################################
                    3::Datasheet Report

All values are in Picoseconds
 =====================================================================

                        3.1::Setup Times
                        ----------------

Data Port  Clock Port  Setup Times  Clock Reference:Phase  
---------  ----------  -----------  ---------------------  


                       3.2::Clock to Out
                       -----------------

Data Port  Clock Port  Clock to Out  Clock Reference:Phase  
---------  ----------  ------------  ---------------------  


                         3.3::Pad to Pad
                         ---------------

Port Name (Input)  Port Name (Output)  Pad to Pad  
-----------------  ------------------  ----------  
i_Switch_1         o_LED_1             9925        
i_Switch_2         o_LED_2             9188        
i_Switch_1         o_LED_3             10219       
i_Switch_1         o_LED_4             9925        


                         3.4::Hold Times
                         ---------------

Data Port  Clock Port  Hold Times  Clock Reference:Phase  
---------  ----------  ----------  ---------------------  


               3.5::Minimum Clock to Out
               -------------------------

Data Port  Clock Port  Minimum Clock to Out  Clock Reference:Phase  
---------  ----------  --------------------  ---------------------  


                 3.6::Minimum Pad To Pad
                 -----------------------

Port Name (Input)  Port Name (Output)  Minimum Pad To Pad  
-----------------  ------------------  ------------------  
i_Switch_1         o_LED_1             9058                
i_Switch_2         o_LED_2             8462                
i_Switch_1         o_LED_3             9374                
i_Switch_1         o_LED_4             9058                

 =====================================================================
                    End of Datasheet Report
 #####################################################################

 #####################################################################
                    6::Path Details for DataSheet
 =====================================================================


6.3::PI to PO Path Details              
--------------------------------------------------

6.3.1::Path details for port: o_LED_1   
--------------------------------------------------

++++ Path 1 ++++++++++++++++++++++++++++++++++++++++++++++++++++++++++

Output Port      : o_LED_1
Input Port       : i_Switch_1
Pad to Pad Delay : 9925

Pad to Pad Path
pin name                                 model name                 delay  cummulative delay  edge  Fanout  
---------------------------------------  -------------------------  -----  -----------------  ----  ------  
i_Switch_1                               Switches_To_LEDs           0      0                  RISE  1       
i_Switch_1_ibuf_iopad/PACKAGEPIN:in      IO_PAD                     0      0                  RISE  1       
i_Switch_1_ibuf_iopad/DOUT               IO_PAD                     760    760                RISE  1       
i_Switch_1_ibuf_preio/PADIN              PRE_IO_PIN_TYPE_000001     0      760                RISE  1       
i_Switch_1_ibuf_preio/DIN0               PRE_IO_PIN_TYPE_000001     617    1377               RISE  1       
I__21/I                                  Odrv4                      0      1377               RISE  1       
I__21/O                                  Odrv4                      351    1728               RISE  1       
I__22/I                                  IoSpan4Mux                 0      1728               RISE  1       
I__22/O                                  IoSpan4Mux                 288    2015               RISE  1       
I__23/I                                  Span4Mux_h                 0      2015               RISE  1       
I__23/O                                  Span4Mux_h                 302    2317               RISE  1       
I__24/I                                  Span4Mux_h                 0      2317               RISE  1       
I__24/O                                  Span4Mux_h                 302    2619               RISE  1       
I__25/I                                  LocalMux                   0      2619               RISE  1       
I__25/O                                  LocalMux                   330    2948               RISE  1       
I__26/I                                  InMux                      0      2948               RISE  1       
I__26/O                                  InMux                      259    3208               RISE  1       
i_Switch_1_ibuf_RNIFTM7_LC_26_3_0/in3    LogicCell40_SEQ_MODE_0000  0      3208               RISE  1       
i_Switch_1_ibuf_RNIFTM7_LC_26_3_0/lcout  LogicCell40_SEQ_MODE_0000  316    3523               RISE  3       
I__10/I                                  Odrv4                      0      3523               RISE  1       
I__10/O                                  Odrv4                      351    3874               RISE  1       
I__11/I                                  Span4Mux_h                 0      3874               RISE  1       
I__11/O                                  Span4Mux_h                 302    4176               RISE  1       
I__12/I                                  Span4Mux_s0_h              0      4176               RISE  1       
I__12/O                                  Span4Mux_s0_h              147    4323               RISE  1       
I__13/I                                  IoSpan4Mux                 0      4323               RISE  1       
I__13/O                                  IoSpan4Mux                 288    4610               RISE  1       
I__14/I                                  LocalMux                   0      4610               RISE  1       
I__14/O                                  LocalMux                   330    4940               RISE  1       
I__17/I                                  IoInMux                    0      4940               RISE  1       
I__17/O                                  IoInMux                    259    5200               RISE  1       
o_LED_1_obuf_preio/DOUT0                 PRE_IO_PIN_TYPE_011001     0      5200               RISE  1       
o_LED_1_obuf_preio/PADOUT                PRE_IO_PIN_TYPE_011001     2237   7437               FALL  1       
o_LED_1_obuf_iopad/DIN                   IO_PAD                     0      7437               FALL  1       
o_LED_1_obuf_iopad/PACKAGEPIN:out        IO_PAD                     2488   9925               FALL  1       
o_LED_1                                  Switches_To_LEDs           0      9925               FALL  1       

6.3.2::Path details for port: o_LED_2   
--------------------------------------------------

++++ Path 1 ++++++++++++++++++++++++++++++++++++++++++++++++++++++++++

Output Port      : o_LED_2
Input Port       : i_Switch_2
Pad to Pad Delay : 9188

Pad to Pad Path
pin name                             model name              delay  cummulative delay  edge  Fanout  
-----------------------------------  ----------------------  -----  -----------------  ----  ------  
i_Switch_2                           Switches_To_LEDs        0      0                  RISE  1       
i_Switch_2_ibuf_iopad/PACKAGEPIN:in  IO_PAD                  0      0                  RISE  1       
i_Switch_2_ibuf_iopad/DOUT           IO_PAD                  760    760                RISE  1       
i_Switch_2_ibuf_preio/PADIN          PRE_IO_PIN_TYPE_000001  0      760                RISE  1       
i_Switch_2_ibuf_preio/DIN0           PRE_IO_PIN_TYPE_000001  463    1223               FALL  1       
I__27/I                              Odrv12                  0      1223               FALL  1       
I__27/O                              Odrv12                  540    1763               FALL  1       
I__28/I                              Span12Mux_v             0      1763               FALL  1       
I__28/O                              Span12Mux_v             540    2303               FALL  1       
I__29/I                              Span12Mux_v             0      2303               FALL  1       
I__29/O                              Span12Mux_v             540    2843               FALL  1       
I__30/I                              Span12Mux_s7_h          0      2843               FALL  1       
I__30/O                              Span12Mux_s7_h          323    3166               FALL  1       
I__31/I                              Sp12to4                 0      3166               FALL  1       
I__31/O                              Sp12to4                 449    3614               FALL  1       
I__32/I                              IoSpan4Mux              0      3614               FALL  1       
I__32/O                              IoSpan4Mux              323    3937               FALL  1       
I__33/I                              LocalMux                0      3937               FALL  1       
I__33/O                              LocalMux                309    4246               FALL  1       
I__34/I                              IoInMux                 0      4246               FALL  1       
I__34/O                              IoInMux                 217    4463               FALL  1       
o_LED_2_obuf_preio/DOUT0             PRE_IO_PIN_TYPE_011001  0      4463               FALL  1       
o_LED_2_obuf_preio/PADOUT            PRE_IO_PIN_TYPE_011001  2237   6700               FALL  1       
o_LED_2_obuf_iopad/DIN               IO_PAD                  0      6700               FALL  1       
o_LED_2_obuf_iopad/PACKAGEPIN:out    IO_PAD                  2488   9188               FALL  1       
o_LED_2                              Switches_To_LEDs        0      9188               FALL  1       

6.3.3::Path details for port: o_LED_3   
--------------------------------------------------

++++ Path 1 ++++++++++++++++++++++++++++++++++++++++++++++++++++++++++

Output Port      : o_LED_3
Input Port       : i_Switch_1
Pad to Pad Delay : 10219

Pad to Pad Path
pin name                                 model name                 delay  cummulative delay  edge  Fanout  
---------------------------------------  -------------------------  -----  -----------------  ----  ------  
i_Switch_1                               Switches_To_LEDs           0      0                  RISE  1       
i_Switch_1_ibuf_iopad/PACKAGEPIN:in      IO_PAD                     0      0                  RISE  1       
i_Switch_1_ibuf_iopad/DOUT               IO_PAD                     760    760                RISE  1       
i_Switch_1_ibuf_preio/PADIN              PRE_IO_PIN_TYPE_000001     0      760                RISE  1       
i_Switch_1_ibuf_preio/DIN0               PRE_IO_PIN_TYPE_000001     617    1377               RISE  1       
I__21/I                                  Odrv4                      0      1377               RISE  1       
I__21/O                                  Odrv4                      351    1728               RISE  1       
I__22/I                                  IoSpan4Mux                 0      1728               RISE  1       
I__22/O                                  IoSpan4Mux                 288    2015               RISE  1       
I__23/I                                  Span4Mux_h                 0      2015               RISE  1       
I__23/O                                  Span4Mux_h                 302    2317               RISE  1       
I__24/I                                  Span4Mux_h                 0      2317               RISE  1       
I__24/O                                  Span4Mux_h                 302    2619               RISE  1       
I__25/I                                  LocalMux                   0      2619               RISE  1       
I__25/O                                  LocalMux                   330    2948               RISE  1       
I__26/I                                  InMux                      0      2948               RISE  1       
I__26/O                                  InMux                      259    3208               RISE  1       
i_Switch_1_ibuf_RNIFTM7_LC_26_3_0/in3    LogicCell40_SEQ_MODE_0000  0      3208               RISE  1       
i_Switch_1_ibuf_RNIFTM7_LC_26_3_0/lcout  LogicCell40_SEQ_MODE_0000  288    3495               FALL  3       
I__10/I                                  Odrv4                      0      3495               FALL  1       
I__10/O                                  Odrv4                      372    3867               FALL  1       
I__11/I                                  Span4Mux_h                 0      3867               FALL  1       
I__11/O                                  Span4Mux_h                 316    4183               FALL  1       
I__12/I                                  Span4Mux_s0_h              0      4183               FALL  1       
I__12/O                                  Span4Mux_s0_h              140    4323               FALL  1       
I__13/I                                  IoSpan4Mux                 0      4323               FALL  1       
I__13/O                                  IoSpan4Mux                 323    4645               FALL  1       
I__16/I                                  IoSpan4Mux                 0      4645               FALL  1       
I__16/O                                  IoSpan4Mux                 323    4968               FALL  1       
I__19/I                                  LocalMux                   0      4968               FALL  1       
I__19/O                                  LocalMux                   309    5277               FALL  1       
I__20/I                                  IoInMux                    0      5277               FALL  1       
I__20/O                                  IoInMux                    217    5494               FALL  1       
o_LED_3_obuf_preio/DOUT0                 PRE_IO_PIN_TYPE_011001     0      5494               FALL  1       
o_LED_3_obuf_preio/PADOUT                PRE_IO_PIN_TYPE_011001     2237   7731               FALL  1       
o_LED_3_obuf_iopad/DIN                   IO_PAD                     0      7731               FALL  1       
o_LED_3_obuf_iopad/PACKAGEPIN:out        IO_PAD                     2488   10219              FALL  1       
o_LED_3                                  Switches_To_LEDs           0      10219              FALL  1       

6.3.4::Path details for port: o_LED_4   
--------------------------------------------------

++++ Path 1 ++++++++++++++++++++++++++++++++++++++++++++++++++++++++++

Output Port      : o_LED_4
Input Port       : i_Switch_1
Pad to Pad Delay : 9925

Pad to Pad Path
pin name                                 model name                 delay  cummulative delay  edge  Fanout  
---------------------------------------  -------------------------  -----  -----------------  ----  ------  
i_Switch_1                               Switches_To_LEDs           0      0                  RISE  1       
i_Switch_1_ibuf_iopad/PACKAGEPIN:in      IO_PAD                     0      0                  RISE  1       
i_Switch_1_ibuf_iopad/DOUT               IO_PAD                     760    760                RISE  1       
i_Switch_1_ibuf_preio/PADIN              PRE_IO_PIN_TYPE_000001     0      760                RISE  1       
i_Switch_1_ibuf_preio/DIN0               PRE_IO_PIN_TYPE_000001     617    1377               RISE  1       
I__21/I                                  Odrv4                      0      1377               RISE  1       
I__21/O                                  Odrv4                      351    1728               RISE  1       
I__22/I                                  IoSpan4Mux                 0      1728               RISE  1       
I__22/O                                  IoSpan4Mux                 288    2015               RISE  1       
I__23/I                                  Span4Mux_h                 0      2015               RISE  1       
I__23/O                                  Span4Mux_h                 302    2317               RISE  1       
I__24/I                                  Span4Mux_h                 0      2317               RISE  1       
I__24/O                                  Span4Mux_h                 302    2619               RISE  1       
I__25/I                                  LocalMux                   0      2619               RISE  1       
I__25/O                                  LocalMux                   330    2948               RISE  1       
I__26/I                                  InMux                      0      2948               RISE  1       
I__26/O                                  InMux                      259    3208               RISE  1       
i_Switch_1_ibuf_RNIFTM7_LC_26_3_0/in3    LogicCell40_SEQ_MODE_0000  0      3208               RISE  1       
i_Switch_1_ibuf_RNIFTM7_LC_26_3_0/lcout  LogicCell40_SEQ_MODE_0000  316    3523               RISE  3       
I__10/I                                  Odrv4                      0      3523               RISE  1       
I__10/O                                  Odrv4                      351    3874               RISE  1       
I__11/I                                  Span4Mux_h                 0      3874               RISE  1       
I__11/O                                  Span4Mux_h                 302    4176               RISE  1       
I__12/I                                  Span4Mux_s0_h              0      4176               RISE  1       
I__12/O                                  Span4Mux_s0_h              147    4323               RISE  1       
I__13/I                                  IoSpan4Mux                 0      4323               RISE  1       
I__13/O                                  IoSpan4Mux                 288    4610               RISE  1       
I__15/I                                  LocalMux                   0      4610               RISE  1       
I__15/O                                  LocalMux                   330    4940               RISE  1       
I__18/I                                  IoInMux                    0      4940               RISE  1       
I__18/O                                  IoInMux                    259    5200               RISE  1       
o_LED_4_obuf_preio/DOUT0                 PRE_IO_PIN_TYPE_011001     0      5200               RISE  1       
o_LED_4_obuf_preio/PADOUT                PRE_IO_PIN_TYPE_011001     2237   7437               FALL  1       
o_LED_4_obuf_iopad/DIN                   IO_PAD                     0      7437               FALL  1       
o_LED_4_obuf_iopad/PACKAGEPIN:out        IO_PAD                     2488   9925               FALL  1       
o_LED_4                                  Switches_To_LEDs           0      9925               FALL  1       

6.6::Min PI to PO Path Details          
--------------------------------------------------

6.6.1::Path details for port: o_LED_1   
--------------------------------------------------

++++ Path 1 ++++++++++++++++++++++++++++++++++++++++++++++++++++++++++

Output Port      : o_LED_1
Input Port       : i_Switch_1
Pad to Pad Delay : 9058

Pad to Pad Path
pin name                                 model name                 delay  cummulative delay  edge  Fanout  
---------------------------------------  -------------------------  -----  -----------------  ----  ------  
i_Switch_1                               Switches_To_LEDs           0      0                  FALL  1       
i_Switch_1_ibuf_iopad/PACKAGEPIN:in      IO_PAD                     0      0                  FALL  1       
i_Switch_1_ibuf_iopad/DOUT               IO_PAD                     460    460                FALL  1       
i_Switch_1_ibuf_preio/PADIN              PRE_IO_PIN_TYPE_000001     0      460                FALL  1       
i_Switch_1_ibuf_preio/DIN0               PRE_IO_PIN_TYPE_000001     463    923                FALL  1       
I__21/I                                  Odrv4                      0      923                FALL  1       
I__21/O                                  Odrv4                      372    1295               FALL  1       
I__22/I                                  IoSpan4Mux                 0      1295               FALL  1       
I__22/O                                  IoSpan4Mux                 323    1617               FALL  1       
I__23/I                                  Span4Mux_h                 0      1617               FALL  1       
I__23/O                                  Span4Mux_h                 316    1933               FALL  1       
I__24/I                                  Span4Mux_h                 0      1933               FALL  1       
I__24/O                                  Span4Mux_h                 316    2248               FALL  1       
I__25/I                                  LocalMux                   0      2248               FALL  1       
I__25/O                                  LocalMux                   309    2557               FALL  1       
I__26/I                                  InMux                      0      2557               FALL  1       
I__26/O                                  InMux                      217    2774               FALL  1       
i_Switch_1_ibuf_RNIFTM7_LC_26_3_0/in3    LogicCell40_SEQ_MODE_0000  0      2774               FALL  1       
i_Switch_1_ibuf_RNIFTM7_LC_26_3_0/lcout  LogicCell40_SEQ_MODE_0000  288    3062               FALL  3       
I__10/I                                  Odrv4                      0      3062               FALL  1       
I__10/O                                  Odrv4                      372    3434               FALL  1       
I__11/I                                  Span4Mux_h                 0      3434               FALL  1       
I__11/O                                  Span4Mux_h                 316    3749               FALL  1       
I__12/I                                  Span4Mux_s0_h              0      3749               FALL  1       
I__12/O                                  Span4Mux_s0_h              140    3890               FALL  1       
I__13/I                                  IoSpan4Mux                 0      3890               FALL  1       
I__13/O                                  IoSpan4Mux                 323    4212               FALL  1       
I__14/I                                  LocalMux                   0      4212               FALL  1       
I__14/O                                  LocalMux                   309    4521               FALL  1       
I__17/I                                  IoInMux                    0      4521               FALL  1       
I__17/O                                  IoInMux                    217    4738               FALL  1       
o_LED_1_obuf_preio/DOUT0                 PRE_IO_PIN_TYPE_011001     0      4738               FALL  1       
o_LED_1_obuf_preio/PADOUT                PRE_IO_PIN_TYPE_011001     2006   6744               RISE  1       
o_LED_1_obuf_iopad/DIN                   IO_PAD                     0      6744               RISE  1       
o_LED_1_obuf_iopad/PACKAGEPIN:out        IO_PAD                     2314   9058               RISE  1       
o_LED_1                                  Switches_To_LEDs           0      9058               RISE  1       

6.6.2::Path details for port: o_LED_2   
--------------------------------------------------

++++ Path 1 ++++++++++++++++++++++++++++++++++++++++++++++++++++++++++

Output Port      : o_LED_2
Input Port       : i_Switch_2
Pad to Pad Delay : 8462

Pad to Pad Path
pin name                             model name              delay  cummulative delay  edge  Fanout  
-----------------------------------  ----------------------  -----  -----------------  ----  ------  
i_Switch_2                           Switches_To_LEDs        0      0                  FALL  1       
i_Switch_2_ibuf_iopad/PACKAGEPIN:in  IO_PAD                  0      0                  FALL  1       
i_Switch_2_ibuf_iopad/DOUT           IO_PAD                  460    460                FALL  1       
i_Switch_2_ibuf_preio/PADIN          PRE_IO_PIN_TYPE_000001  0      460                FALL  1       
i_Switch_2_ibuf_preio/DIN0           PRE_IO_PIN_TYPE_000001  617    1077               RISE  1       
I__27/I                              Odrv12                  0      1077               RISE  1       
I__27/O                              Odrv12                  491    1568               RISE  1       
I__28/I                              Span12Mux_v             0      1568               RISE  1       
I__28/O                              Span12Mux_v             491    2059               RISE  1       
I__29/I                              Span12Mux_v             0      2059               RISE  1       
I__29/O                              Span12Mux_v             491    2550               RISE  1       
I__30/I                              Span12Mux_s7_h          0      2550               RISE  1       
I__30/O                              Span12Mux_s7_h          288    2838               RISE  1       
I__31/I                              Sp12to4                 0      2838               RISE  1       
I__31/O                              Sp12to4                 428    3265               RISE  1       
I__32/I                              IoSpan4Mux              0      3265               RISE  1       
I__32/O                              IoSpan4Mux              288    3553               RISE  1       
I__33/I                              LocalMux                0      3553               RISE  1       
I__33/O                              LocalMux                330    3883               RISE  1       
I__34/I                              IoInMux                 0      3883               RISE  1       
I__34/O                              IoInMux                 259    4142               RISE  1       
o_LED_2_obuf_preio/DOUT0             PRE_IO_PIN_TYPE_011001  0      4142               RISE  1       
o_LED_2_obuf_preio/PADOUT            PRE_IO_PIN_TYPE_011001  2006   6148               RISE  1       
o_LED_2_obuf_iopad/DIN               IO_PAD                  0      6148               RISE  1       
o_LED_2_obuf_iopad/PACKAGEPIN:out    IO_PAD                  2314   8462               RISE  1       
o_LED_2                              Switches_To_LEDs        0      8462               RISE  1       

6.6.3::Path details for port: o_LED_3   
--------------------------------------------------

++++ Path 1 ++++++++++++++++++++++++++++++++++++++++++++++++++++++++++

Output Port      : o_LED_3
Input Port       : i_Switch_1
Pad to Pad Delay : 9374

Pad to Pad Path
pin name                                 model name                 delay  cummulative delay  edge  Fanout  
---------------------------------------  -------------------------  -----  -----------------  ----  ------  
i_Switch_1                               Switches_To_LEDs           0      0                  FALL  1       
i_Switch_1_ibuf_iopad/PACKAGEPIN:in      IO_PAD                     0      0                  FALL  1       
i_Switch_1_ibuf_iopad/DOUT               IO_PAD                     460    460                FALL  1       
i_Switch_1_ibuf_preio/PADIN              PRE_IO_PIN_TYPE_000001     0      460                FALL  1       
i_Switch_1_ibuf_preio/DIN0               PRE_IO_PIN_TYPE_000001     463    923                FALL  1       
I__21/I                                  Odrv4                      0      923                FALL  1       
I__21/O                                  Odrv4                      372    1295               FALL  1       
I__22/I                                  IoSpan4Mux                 0      1295               FALL  1       
I__22/O                                  IoSpan4Mux                 323    1617               FALL  1       
I__23/I                                  Span4Mux_h                 0      1617               FALL  1       
I__23/O                                  Span4Mux_h                 316    1933               FALL  1       
I__24/I                                  Span4Mux_h                 0      1933               FALL  1       
I__24/O                                  Span4Mux_h                 316    2248               FALL  1       
I__25/I                                  LocalMux                   0      2248               FALL  1       
I__25/O                                  LocalMux                   309    2557               FALL  1       
I__26/I                                  InMux                      0      2557               FALL  1       
I__26/O                                  InMux                      217    2774               FALL  1       
i_Switch_1_ibuf_RNIFTM7_LC_26_3_0/in3    LogicCell40_SEQ_MODE_0000  0      2774               FALL  1       
i_Switch_1_ibuf_RNIFTM7_LC_26_3_0/lcout  LogicCell40_SEQ_MODE_0000  316    3090               RISE  3       
I__10/I                                  Odrv4                      0      3090               RISE  1       
I__10/O                                  Odrv4                      351    3441               RISE  1       
I__11/I                                  Span4Mux_h                 0      3441               RISE  1       
I__11/O                                  Span4Mux_h                 302    3742               RISE  1       
I__12/I                                  Span4Mux_s0_h              0      3742               RISE  1       
I__12/O                                  Span4Mux_s0_h              147    3890               RISE  1       
I__13/I                                  IoSpan4Mux                 0      3890               RISE  1       
I__13/O                                  IoSpan4Mux                 288    4177               RISE  1       
I__16/I                                  IoSpan4Mux                 0      4177               RISE  1       
I__16/O                                  IoSpan4Mux                 288    4465               RISE  1       
I__19/I                                  LocalMux                   0      4465               RISE  1       
I__19/O                                  LocalMux                   330    4794               RISE  1       
I__20/I                                  IoInMux                    0      4794               RISE  1       
I__20/O                                  IoInMux                    259    5054               RISE  1       
o_LED_3_obuf_preio/DOUT0                 PRE_IO_PIN_TYPE_011001     0      5054               RISE  1       
o_LED_3_obuf_preio/PADOUT                PRE_IO_PIN_TYPE_011001     2006   7060               RISE  1       
o_LED_3_obuf_iopad/DIN                   IO_PAD                     0      7060               RISE  1       
o_LED_3_obuf_iopad/PACKAGEPIN:out        IO_PAD                     2314   9374               RISE  1       
o_LED_3                                  Switches_To_LEDs           0      9374               RISE  1       

6.6.4::Path details for port: o_LED_4   
--------------------------------------------------

++++ Path 1 ++++++++++++++++++++++++++++++++++++++++++++++++++++++++++

Output Port      : o_LED_4
Input Port       : i_Switch_1
Pad to Pad Delay : 9058

Pad to Pad Path
pin name                                 model name                 delay  cummulative delay  edge  Fanout  
---------------------------------------  -------------------------  -----  -----------------  ----  ------  
i_Switch_1                               Switches_To_LEDs           0      0                  FALL  1       
i_Switch_1_ibuf_iopad/PACKAGEPIN:in      IO_PAD                     0      0                  FALL  1       
i_Switch_1_ibuf_iopad/DOUT               IO_PAD                     460    460                FALL  1       
i_Switch_1_ibuf_preio/PADIN              PRE_IO_PIN_TYPE_000001     0      460                FALL  1       
i_Switch_1_ibuf_preio/DIN0               PRE_IO_PIN_TYPE_000001     463    923                FALL  1       
I__21/I                                  Odrv4                      0      923                FALL  1       
I__21/O                                  Odrv4                      372    1295               FALL  1       
I__22/I                                  IoSpan4Mux                 0      1295               FALL  1       
I__22/O                                  IoSpan4Mux                 323    1617               FALL  1       
I__23/I                                  Span4Mux_h                 0      1617               FALL  1       
I__23/O                                  Span4Mux_h                 316    1933               FALL  1       
I__24/I                                  Span4Mux_h                 0      1933               FALL  1       
I__24/O                                  Span4Mux_h                 316    2248               FALL  1       
I__25/I                                  LocalMux                   0      2248               FALL  1       
I__25/O                                  LocalMux                   309    2557               FALL  1       
I__26/I                                  InMux                      0      2557               FALL  1       
I__26/O                                  InMux                      217    2774               FALL  1       
i_Switch_1_ibuf_RNIFTM7_LC_26_3_0/in3    LogicCell40_SEQ_MODE_0000  0      2774               FALL  1       
i_Switch_1_ibuf_RNIFTM7_LC_26_3_0/lcout  LogicCell40_SEQ_MODE_0000  288    3062               FALL  3       
I__10/I                                  Odrv4                      0      3062               FALL  1       
I__10/O                                  Odrv4                      372    3434               FALL  1       
I__11/I                                  Span4Mux_h                 0      3434               FALL  1       
I__11/O                                  Span4Mux_h                 316    3749               FALL  1       
I__12/I                                  Span4Mux_s0_h              0      3749               FALL  1       
I__12/O                                  Span4Mux_s0_h              140    3890               FALL  1       
I__13/I                                  IoSpan4Mux                 0      3890               FALL  1       
I__13/O                                  IoSpan4Mux                 323    4212               FALL  1       
I__15/I                                  LocalMux                   0      4212               FALL  1       
I__15/O                                  LocalMux                   309    4521               FALL  1       
I__18/I                                  IoInMux                    0      4521               FALL  1       
I__18/O                                  IoInMux                    217    4738               FALL  1       
o_LED_4_obuf_preio/DOUT0                 PRE_IO_PIN_TYPE_011001     0      4738               FALL  1       
o_LED_4_obuf_preio/PADOUT                PRE_IO_PIN_TYPE_011001     2006   6744               RISE  1       
o_LED_4_obuf_iopad/DIN                   IO_PAD                     0      6744               RISE  1       
o_LED_4_obuf_iopad/PACKAGEPIN:out        IO_PAD                     2314   9058               RISE  1       
o_LED_4                                  Switches_To_LEDs           0      9058               RISE  1       


 =====================================================================
                    End of Path Details for Datasheet
 #####################################################################

##################################################################### 
                    Detailed Setup Report for all timing paths 
===================================================================== 

++++ Path 1 ++++++++++++++++++++++++++++++++++++++++++++++++++++++++++ 

Path Begin       : i_Switch_1
Path End         : o_LED_1
Setup Constraint : +INF
Path slack       : +INF

End-of-path required time (ps)           +INF

Launch Clock Arrival Time (DEFAULT:R#0)      0
+ Launch Clock Source Latency                0
+ Input Delay                                0
+ Data Path Delay                         9764
---------------------------------------   ---- 
End-of-path arrival time (ps)             9764
 
Data path
pin name                                 model name                 delay  cumulative delay  slack  edge  Fanout
---------------------------------------  -------------------------  -----  ----------------  -----  ----  ------
i_Switch_1                               Switches_To_LEDs               0                 0   +INF  RISE       1
i_Switch_1_ibuf_iopad/PACKAGEPIN:in      IO_PAD                         0                 0   +INF  RISE       1
i_Switch_1_ibuf_iopad/DOUT               IO_PAD                       760               760   +INF  RISE       1
i_Switch_1_ibuf_preio/PADIN              PRE_IO_PIN_TYPE_000001         0               760   +INF  RISE       1
i_Switch_1_ibuf_preio/DIN0               PRE_IO_PIN_TYPE_000001       463              1223   +INF  FALL       1
I__21/I                                  Odrv4                          0              1223   +INF  FALL       1
I__21/O                                  Odrv4                        372              1595   +INF  FALL       1
I__22/I                                  IoSpan4Mux                     0              1595   +INF  FALL       1
I__22/O                                  IoSpan4Mux                   323              1917   +INF  FALL       1
I__23/I                                  Span4Mux_h                     0              1917   +INF  FALL       1
I__23/O                                  Span4Mux_h                   316              2233   +INF  FALL       1
I__24/I                                  Span4Mux_h                     0              2233   +INF  FALL       1
I__24/O                                  Span4Mux_h                   316              2548   +INF  FALL       1
I__25/I                                  LocalMux                       0              2548   +INF  FALL       1
I__25/O                                  LocalMux                     309              2857   +INF  FALL       1
I__26/I                                  InMux                          0              2857   +INF  FALL       1
I__26/O                                  InMux                        217              3074   +INF  FALL       1
i_Switch_1_ibuf_RNIFTM7_LC_26_3_0/in3    LogicCell40_SEQ_MODE_0000      0              3074   +INF  FALL       1
i_Switch_1_ibuf_RNIFTM7_LC_26_3_0/lcout  LogicCell40_SEQ_MODE_0000    288              3362   +INF  FALL       3
I__10/I                                  Odrv4                          0              3362   +INF  FALL       1
I__10/O                                  Odrv4                        372              3734   +INF  FALL       1
I__11/I                                  Span4Mux_h                     0              3734   +INF  FALL       1
I__11/O                                  Span4Mux_h                   316              4049   +INF  FALL       1
I__12/I                                  Span4Mux_s0_h                  0              4049   +INF  FALL       1
I__12/O                                  Span4Mux_s0_h                140              4190   +INF  FALL       1
I__13/I                                  IoSpan4Mux                     0              4190   +INF  FALL       1
I__13/O                                  IoSpan4Mux                   323              4512   +INF  FALL       1
I__14/I                                  LocalMux                       0              4512   +INF  FALL       1
I__14/O                                  LocalMux                     309              4821   +INF  FALL       1
I__17/I                                  IoInMux                        0              4821   +INF  FALL       1
I__17/O                                  IoInMux                      217              5038   +INF  FALL       1
o_LED_1_obuf_preio/DOUT0                 PRE_IO_PIN_TYPE_011001         0              5038   +INF  FALL       1
o_LED_1_obuf_preio/PADOUT                PRE_IO_PIN_TYPE_011001      2237              7276   +INF  FALL       1
o_LED_1_obuf_iopad/DIN                   IO_PAD                         0              7276   +INF  FALL       1
o_LED_1_obuf_iopad/PACKAGEPIN:out        IO_PAD                      2488              9764   +INF  FALL       1
o_LED_1                                  Switches_To_LEDs               0              9764   +INF  FALL       1


++++ Path 2 ++++++++++++++++++++++++++++++++++++++++++++++++++++++++++ 

Path Begin       : i_Switch_1
Path End         : o_LED_4
Setup Constraint : +INF
Path slack       : +INF

End-of-path required time (ps)           +INF

Launch Clock Arrival Time (DEFAULT:R#0)      0
+ Launch Clock Source Latency                0
+ Input Delay                                0
+ Data Path Delay                         9714
---------------------------------------   ---- 
End-of-path arrival time (ps)             9714
 
Data path
pin name                                 model name                 delay  cumulative delay  slack  edge  Fanout
---------------------------------------  -------------------------  -----  ----------------  -----  ----  ------
i_Switch_1                               Switches_To_LEDs               0                 0   +INF  FALL       1
i_Switch_1_ibuf_iopad/PACKAGEPIN:in      IO_PAD                         0                 0   +INF  FALL       1
i_Switch_1_ibuf_iopad/DOUT               IO_PAD                       710               710   +INF  FALL       1
i_Switch_1_ibuf_preio/PADIN              PRE_IO_PIN_TYPE_000001         0               710   +INF  FALL       1
i_Switch_1_ibuf_preio/DIN0               PRE_IO_PIN_TYPE_000001       463              1173   +INF  FALL       1
I__21/I                                  Odrv4                          0              1173   +INF  FALL       1
I__21/O                                  Odrv4                        372              1545   +INF  FALL       1
I__22/I                                  IoSpan4Mux                     0              1545   +INF  FALL       1
I__22/O                                  IoSpan4Mux                   323              1867   +INF  FALL       1
I__23/I                                  Span4Mux_h                     0              1867   +INF  FALL       1
I__23/O                                  Span4Mux_h                   316              2183   +INF  FALL       1
I__24/I                                  Span4Mux_h                     0              2183   +INF  FALL       1
I__24/O                                  Span4Mux_h                   316              2498   +INF  FALL       1
I__25/I                                  LocalMux                       0              2498   +INF  FALL       1
I__25/O                                  LocalMux                     309              2807   +INF  FALL       1
I__26/I                                  InMux                          0              2807   +INF  FALL       1
I__26/O                                  InMux                        217              3024   +INF  FALL       1
i_Switch_1_ibuf_RNIFTM7_LC_26_3_0/in3    LogicCell40_SEQ_MODE_0000      0              3024   +INF  FALL       1
i_Switch_1_ibuf_RNIFTM7_LC_26_3_0/lcout  LogicCell40_SEQ_MODE_0000    288              3312   +INF  FALL       3
I__10/I                                  Odrv4                          0              3312   +INF  FALL       1
I__10/O                                  Odrv4                        372              3684   +INF  FALL       1
I__11/I                                  Span4Mux_h                     0              3684   +INF  FALL       1
I__11/O                                  Span4Mux_h                   316              3999   +INF  FALL       1
I__12/I                                  Span4Mux_s0_h                  0              3999   +INF  FALL       1
I__12/O                                  Span4Mux_s0_h                140              4140   +INF  FALL       1
I__13/I                                  IoSpan4Mux                     0              4140   +INF  FALL       1
I__13/O                                  IoSpan4Mux                   323              4462   +INF  FALL       1
I__15/I                                  LocalMux                       0              4462   +INF  FALL       1
I__15/O                                  LocalMux                     309              4771   +INF  FALL       1
I__18/I                                  IoInMux                        0              4771   +INF  FALL       1
I__18/O                                  IoInMux                      217              4988   +INF  FALL       1
o_LED_4_obuf_preio/DOUT0                 PRE_IO_PIN_TYPE_011001         0              4988   +INF  FALL       1
o_LED_4_obuf_preio/PADOUT                PRE_IO_PIN_TYPE_011001      2237              7226   +INF  FALL       1
o_LED_4_obuf_iopad/DIN                   IO_PAD                         0              7226   +INF  FALL       1
o_LED_4_obuf_iopad/PACKAGEPIN:out        IO_PAD                      2488              9714   +INF  FALL       1
o_LED_4                                  Switches_To_LEDs               0              9714   +INF  FALL       1


++++ Path 3 ++++++++++++++++++++++++++++++++++++++++++++++++++++++++++ 

Path Begin       : i_Switch_2
Path End         : o_LED_2
Setup Constraint : +INF
Path slack       : +INF

End-of-path required time (ps)           +INF

Launch Clock Arrival Time (DEFAULT:R#0)      0
+ Launch Clock Source Latency                0
+ Input Delay                                0
+ Data Path Delay                         9188
---------------------------------------   ---- 
End-of-path arrival time (ps)             9188
 
Data path
pin name                             model name              delay  cumulative delay  slack  edge  Fanout
-----------------------------------  ----------------------  -----  ----------------  -----  ----  ------
i_Switch_2                           Switches_To_LEDs            0                 0   +INF  RISE       1
i_Switch_2_ibuf_iopad/PACKAGEPIN:in  IO_PAD                      0                 0   +INF  RISE       1
i_Switch_2_ibuf_iopad/DOUT           IO_PAD                    760               760   +INF  RISE       1
i_Switch_2_ibuf_preio/PADIN          PRE_IO_PIN_TYPE_000001      0               760   +INF  RISE       1
i_Switch_2_ibuf_preio/DIN0           PRE_IO_PIN_TYPE_000001    463              1223   +INF  FALL       1
I__27/I                              Odrv12                      0              1223   +INF  FALL       1
I__27/O                              Odrv12                    540              1763   +INF  FALL       1
I__28/I                              Span12Mux_v                 0              1763   +INF  FALL       1
I__28/O                              Span12Mux_v               540              2303   +INF  FALL       1
I__29/I                              Span12Mux_v                 0              2303   +INF  FALL       1
I__29/O                              Span12Mux_v               540              2843   +INF  FALL       1
I__30/I                              Span12Mux_s7_h              0              2843   +INF  FALL       1
I__30/O                              Span12Mux_s7_h            323              3166   +INF  FALL       1
I__31/I                              Sp12to4                     0              3166   +INF  FALL       1
I__31/O                              Sp12to4                   449              3614   +INF  FALL       1
I__32/I                              IoSpan4Mux                  0              3614   +INF  FALL       1
I__32/O                              IoSpan4Mux                323              3937   +INF  FALL       1
I__33/I                              LocalMux                    0              3937   +INF  FALL       1
I__33/O                              LocalMux                  309              4246   +INF  FALL       1
I__34/I                              IoInMux                     0              4246   +INF  FALL       1
I__34/O                              IoInMux                   217              4463   +INF  FALL       1
o_LED_2_obuf_preio/DOUT0             PRE_IO_PIN_TYPE_011001      0              4463   +INF  FALL       1
o_LED_2_obuf_preio/PADOUT            PRE_IO_PIN_TYPE_011001   2237              6700   +INF  FALL       1
o_LED_2_obuf_iopad/DIN               IO_PAD                      0              6700   +INF  FALL       1
o_LED_2_obuf_iopad/PACKAGEPIN:out    IO_PAD                   2488              9188   +INF  FALL       1
o_LED_2                              Switches_To_LEDs            0              9188   +INF  FALL       1


++++ Path 4 ++++++++++++++++++++++++++++++++++++++++++++++++++++++++++ 

Path Begin       : i_Switch_1
Path End         : o_LED_3
Setup Constraint : +INF
Path slack       : +INF

End-of-path required time (ps)           +INF

Launch Clock Arrival Time (DEFAULT:R#0)       0
+ Launch Clock Source Latency                 0
+ Input Delay                                 0
+ Data Path Delay                         10086
---------------------------------------   ----- 
End-of-path arrival time (ps)             10086
 
Data path
pin name                                 model name                 delay  cumulative delay  slack  edge  Fanout
---------------------------------------  -------------------------  -----  ----------------  -----  ----  ------
i_Switch_1                               Switches_To_LEDs               0                 0   +INF  RISE       1
i_Switch_1_ibuf_iopad/PACKAGEPIN:in      IO_PAD                         0                 0   +INF  RISE       1
i_Switch_1_ibuf_iopad/DOUT               IO_PAD                       760               760   +INF  RISE       1
i_Switch_1_ibuf_preio/PADIN              PRE_IO_PIN_TYPE_000001         0               760   +INF  RISE       1
i_Switch_1_ibuf_preio/DIN0               PRE_IO_PIN_TYPE_000001       463              1223   +INF  FALL       1
I__21/I                                  Odrv4                          0              1223   +INF  FALL       1
I__21/O                                  Odrv4                        372              1595   +INF  FALL       1
I__22/I                                  IoSpan4Mux                     0              1595   +INF  FALL       1
I__22/O                                  IoSpan4Mux                   323              1917   +INF  FALL       1
I__23/I                                  Span4Mux_h                     0              1917   +INF  FALL       1
I__23/O                                  Span4Mux_h                   316              2233   +INF  FALL       1
I__24/I                                  Span4Mux_h                     0              2233   +INF  FALL       1
I__24/O                                  Span4Mux_h                   316              2548   +INF  FALL       1
I__25/I                                  LocalMux                       0              2548   +INF  FALL       1
I__25/O                                  LocalMux                     309              2857   +INF  FALL       1
I__26/I                                  InMux                          0              2857   +INF  FALL       1
I__26/O                                  InMux                        217              3074   +INF  FALL       1
i_Switch_1_ibuf_RNIFTM7_LC_26_3_0/in3    LogicCell40_SEQ_MODE_0000      0              3074   +INF  FALL       1
i_Switch_1_ibuf_RNIFTM7_LC_26_3_0/lcout  LogicCell40_SEQ_MODE_0000    288              3362   +INF  FALL       3
I__10/I                                  Odrv4                          0              3362   +INF  FALL       1
I__10/O                                  Odrv4                        372              3734   +INF  FALL       1
I__11/I                                  Span4Mux_h                     0              3734   +INF  FALL       1
I__11/O                                  Span4Mux_h                   316              4049   +INF  FALL       1
I__12/I                                  Span4Mux_s0_h                  0              4049   +INF  FALL       1
I__12/O                                  Span4Mux_s0_h                140              4190   +INF  FALL       1
I__13/I                                  IoSpan4Mux                     0              4190   +INF  FALL       1
I__13/O                                  IoSpan4Mux                   323              4512   +INF  FALL       1
I__16/I                                  IoSpan4Mux                     0              4512   +INF  FALL       1
I__16/O                                  IoSpan4Mux                   323              4835   +INF  FALL       1
I__19/I                                  LocalMux                       0              4835   +INF  FALL       1
I__19/O                                  LocalMux                     309              5143   +INF  FALL       1
I__20/I                                  IoInMux                        0              5143   +INF  FALL       1
I__20/O                                  IoInMux                      217              5361   +INF  FALL       1
o_LED_3_obuf_preio/DOUT0                 PRE_IO_PIN_TYPE_011001         0              5361   +INF  FALL       1
o_LED_3_obuf_preio/PADOUT                PRE_IO_PIN_TYPE_011001      2237              7598   +INF  FALL       1
o_LED_3_obuf_iopad/DIN                   IO_PAD                         0              7598   +INF  FALL       1
o_LED_3_obuf_iopad/PACKAGEPIN:out        IO_PAD                      2488             10086   +INF  FALL       1
o_LED_3                                  Switches_To_LEDs               0             10086   +INF  FALL       1

===================================================================== 
                    End of Detailed Setup Report for all timing paths 
##################################################################### 

##################################################################### 
                    Detailed Hold Report for all timing paths 
===================================================================== 

++++ Path 1 ++++++++++++++++++++++++++++++++++++++++++++++++++++++++++ 

Path Begin       : i_Switch_1
Path End         : o_LED_1
Hold Constraint  : -INF
Path slack       : +INF

End-of-path required time (ps)           +INF

Launch Clock Arrival Time (DEFAULT:R#0)      0
+ Launch Clock Source Latency                0
+ Input Delay                                0
+ Data Path Delay                         9514
---------------------------------------   ---- 
End-of-path arrival time (ps)             9514
 
Data path
pin name                                 model name                 delay  cumulative delay  slack  edge  Fanout
---------------------------------------  -------------------------  -----  ----------------  -----  ----  ------
i_Switch_1                               Switches_To_LEDs               0                 0   +INF  RISE       1
i_Switch_1_ibuf_iopad/PACKAGEPIN:in      IO_PAD                         0                 0   +INF  RISE       1
i_Switch_1_ibuf_iopad/DOUT               IO_PAD                       510               510   +INF  RISE       1
i_Switch_1_ibuf_preio/PADIN              PRE_IO_PIN_TYPE_000001         0               510   +INF  RISE       1
i_Switch_1_ibuf_preio/DIN0               PRE_IO_PIN_TYPE_000001       463               973   +INF  FALL       1
I__21/I                                  Odrv4                          0               973   +INF  FALL       1
I__21/O                                  Odrv4                        372              1345   +INF  FALL       1
I__22/I                                  IoSpan4Mux                     0              1345   +INF  FALL       1
I__22/O                                  IoSpan4Mux                   323              1667   +INF  FALL       1
I__23/I                                  Span4Mux_h                     0              1667   +INF  FALL       1
I__23/O                                  Span4Mux_h                   316              1983   +INF  FALL       1
I__24/I                                  Span4Mux_h                     0              1983   +INF  FALL       1
I__24/O                                  Span4Mux_h                   316              2298   +INF  FALL       1
I__25/I                                  LocalMux                       0              2298   +INF  FALL       1
I__25/O                                  LocalMux                     309              2607   +INF  FALL       1
I__26/I                                  InMux                          0              2607   +INF  FALL       1
I__26/O                                  InMux                        217              2824   +INF  FALL       1
i_Switch_1_ibuf_RNIFTM7_LC_26_3_0/in3    LogicCell40_SEQ_MODE_0000      0              2824   +INF  FALL       1
i_Switch_1_ibuf_RNIFTM7_LC_26_3_0/lcout  LogicCell40_SEQ_MODE_0000    288              3112   +INF  FALL       3
I__10/I                                  Odrv4                          0              3112   +INF  FALL       1
I__10/O                                  Odrv4                        372              3484   +INF  FALL       1
I__11/I                                  Span4Mux_h                     0              3484   +INF  FALL       1
I__11/O                                  Span4Mux_h                   316              3799   +INF  FALL       1
I__12/I                                  Span4Mux_s0_h                  0              3799   +INF  FALL       1
I__12/O                                  Span4Mux_s0_h                140              3940   +INF  FALL       1
I__13/I                                  IoSpan4Mux                     0              3940   +INF  FALL       1
I__13/O                                  IoSpan4Mux                   323              4262   +INF  FALL       1
I__14/I                                  LocalMux                       0              4262   +INF  FALL       1
I__14/O                                  LocalMux                     309              4571   +INF  FALL       1
I__17/I                                  IoInMux                        0              4571   +INF  FALL       1
I__17/O                                  IoInMux                      217              4788   +INF  FALL       1
o_LED_1_obuf_preio/DOUT0                 PRE_IO_PIN_TYPE_011001         0              4788   +INF  FALL       1
o_LED_1_obuf_preio/PADOUT                PRE_IO_PIN_TYPE_011001      2237              7026   +INF  FALL       1
o_LED_1_obuf_iopad/DIN                   IO_PAD                         0              7026   +INF  FALL       1
o_LED_1_obuf_iopad/PACKAGEPIN:out        IO_PAD                      2488              9514   +INF  FALL       1
o_LED_1                                  Switches_To_LEDs               0              9514   +INF  FALL       1


++++ Path 2 ++++++++++++++++++++++++++++++++++++++++++++++++++++++++++ 

Path Begin       : i_Switch_1
Path End         : o_LED_4
Hold Constraint  : -INF
Path slack       : +INF

End-of-path required time (ps)           +INF

Launch Clock Arrival Time (DEFAULT:R#0)      0
+ Launch Clock Source Latency                0
+ Input Delay                                0
+ Data Path Delay                         9464
---------------------------------------   ---- 
End-of-path arrival time (ps)             9464
 
Data path
pin name                                 model name                 delay  cumulative delay  slack  edge  Fanout
---------------------------------------  -------------------------  -----  ----------------  -----  ----  ------
i_Switch_1                               Switches_To_LEDs               0                 0   +INF  FALL       1
i_Switch_1_ibuf_iopad/PACKAGEPIN:in      IO_PAD                         0                 0   +INF  FALL       1
i_Switch_1_ibuf_iopad/DOUT               IO_PAD                       460               460   +INF  FALL       1
i_Switch_1_ibuf_preio/PADIN              PRE_IO_PIN_TYPE_000001         0               460   +INF  FALL       1
i_Switch_1_ibuf_preio/DIN0               PRE_IO_PIN_TYPE_000001       463               923   +INF  FALL       1
I__21/I                                  Odrv4                          0               923   +INF  FALL       1
I__21/O                                  Odrv4                        372              1295   +INF  FALL       1
I__22/I                                  IoSpan4Mux                     0              1295   +INF  FALL       1
I__22/O                                  IoSpan4Mux                   323              1617   +INF  FALL       1
I__23/I                                  Span4Mux_h                     0              1617   +INF  FALL       1
I__23/O                                  Span4Mux_h                   316              1933   +INF  FALL       1
I__24/I                                  Span4Mux_h                     0              1933   +INF  FALL       1
I__24/O                                  Span4Mux_h                   316              2248   +INF  FALL       1
I__25/I                                  LocalMux                       0              2248   +INF  FALL       1
I__25/O                                  LocalMux                     309              2557   +INF  FALL       1
I__26/I                                  InMux                          0              2557   +INF  FALL       1
I__26/O                                  InMux                        217              2774   +INF  FALL       1
i_Switch_1_ibuf_RNIFTM7_LC_26_3_0/in3    LogicCell40_SEQ_MODE_0000      0              2774   +INF  FALL       1
i_Switch_1_ibuf_RNIFTM7_LC_26_3_0/lcout  LogicCell40_SEQ_MODE_0000    288              3062   +INF  FALL       3
I__10/I                                  Odrv4                          0              3062   +INF  FALL       1
I__10/O                                  Odrv4                        372              3434   +INF  FALL       1
I__11/I                                  Span4Mux_h                     0              3434   +INF  FALL       1
I__11/O                                  Span4Mux_h                   316              3749   +INF  FALL       1
I__12/I                                  Span4Mux_s0_h                  0              3749   +INF  FALL       1
I__12/O                                  Span4Mux_s0_h                140              3890   +INF  FALL       1
I__13/I                                  IoSpan4Mux                     0              3890   +INF  FALL       1
I__13/O                                  IoSpan4Mux                   323              4212   +INF  FALL       1
I__15/I                                  LocalMux                       0              4212   +INF  FALL       1
I__15/O                                  LocalMux                     309              4521   +INF  FALL       1
I__18/I                                  IoInMux                        0              4521   +INF  FALL       1
I__18/O                                  IoInMux                      217              4738   +INF  FALL       1
o_LED_4_obuf_preio/DOUT0                 PRE_IO_PIN_TYPE_011001         0              4738   +INF  FALL       1
o_LED_4_obuf_preio/PADOUT                PRE_IO_PIN_TYPE_011001      2237              6976   +INF  FALL       1
o_LED_4_obuf_iopad/DIN                   IO_PAD                         0              6976   +INF  FALL       1
o_LED_4_obuf_iopad/PACKAGEPIN:out        IO_PAD                      2488              9464   +INF  FALL       1
o_LED_4                                  Switches_To_LEDs               0              9464   +INF  FALL       1


++++ Path 3 ++++++++++++++++++++++++++++++++++++++++++++++++++++++++++ 

Path Begin       : i_Switch_2
Path End         : o_LED_2
Hold Constraint  : -INF
Path slack       : +INF

End-of-path required time (ps)           +INF

Launch Clock Arrival Time (DEFAULT:R#0)      0
+ Launch Clock Source Latency                0
+ Input Delay                                0
+ Data Path Delay                         8938
---------------------------------------   ---- 
End-of-path arrival time (ps)             8938
 
Data path
pin name                             model name              delay  cumulative delay  slack  edge  Fanout
-----------------------------------  ----------------------  -----  ----------------  -----  ----  ------
i_Switch_2                           Switches_To_LEDs            0                 0   +INF  RISE       1
i_Switch_2_ibuf_iopad/PACKAGEPIN:in  IO_PAD                      0                 0   +INF  RISE       1
i_Switch_2_ibuf_iopad/DOUT           IO_PAD                    510               510   +INF  RISE       1
i_Switch_2_ibuf_preio/PADIN          PRE_IO_PIN_TYPE_000001      0               510   +INF  RISE       1
i_Switch_2_ibuf_preio/DIN0           PRE_IO_PIN_TYPE_000001    463               973   +INF  FALL       1
I__27/I                              Odrv12                      0               973   +INF  FALL       1
I__27/O                              Odrv12                    540              1513   +INF  FALL       1
I__28/I                              Span12Mux_v                 0              1513   +INF  FALL       1
I__28/O                              Span12Mux_v               540              2053   +INF  FALL       1
I__29/I                              Span12Mux_v                 0              2053   +INF  FALL       1
I__29/O                              Span12Mux_v               540              2593   +INF  FALL       1
I__30/I                              Span12Mux_s7_h              0              2593   +INF  FALL       1
I__30/O                              Span12Mux_s7_h            323              2916   +INF  FALL       1
I__31/I                              Sp12to4                     0              2916   +INF  FALL       1
I__31/O                              Sp12to4                   449              3364   +INF  FALL       1
I__32/I                              IoSpan4Mux                  0              3364   +INF  FALL       1
I__32/O                              IoSpan4Mux                323              3687   +INF  FALL       1
I__33/I                              LocalMux                    0              3687   +INF  FALL       1
I__33/O                              LocalMux                  309              3996   +INF  FALL       1
I__34/I                              IoInMux                     0              3996   +INF  FALL       1
I__34/O                              IoInMux                   217              4213   +INF  FALL       1
o_LED_2_obuf_preio/DOUT0             PRE_IO_PIN_TYPE_011001      0              4213   +INF  FALL       1
o_LED_2_obuf_preio/PADOUT            PRE_IO_PIN_TYPE_011001   2237              6450   +INF  FALL       1
o_LED_2_obuf_iopad/DIN               IO_PAD                      0              6450   +INF  FALL       1
o_LED_2_obuf_iopad/PACKAGEPIN:out    IO_PAD                   2488              8938   +INF  FALL       1
o_LED_2                              Switches_To_LEDs            0              8938   +INF  FALL       1


++++ Path 4 ++++++++++++++++++++++++++++++++++++++++++++++++++++++++++ 

Path Begin       : i_Switch_1
Path End         : o_LED_3
Hold Constraint  : -INF
Path slack       : +INF

End-of-path required time (ps)           +INF

Launch Clock Arrival Time (DEFAULT:R#0)      0
+ Launch Clock Source Latency                0
+ Input Delay                                0
+ Data Path Delay                         9836
---------------------------------------   ---- 
End-of-path arrival time (ps)             9836
 
Data path
pin name                                 model name                 delay  cumulative delay  slack  edge  Fanout
---------------------------------------  -------------------------  -----  ----------------  -----  ----  ------
i_Switch_1                               Switches_To_LEDs               0                 0   +INF  RISE       1
i_Switch_1_ibuf_iopad/PACKAGEPIN:in      IO_PAD                         0                 0   +INF  RISE       1
i_Switch_1_ibuf_iopad/DOUT               IO_PAD                       510               510   +INF  RISE       1
i_Switch_1_ibuf_preio/PADIN              PRE_IO_PIN_TYPE_000001         0               510   +INF  RISE       1
i_Switch_1_ibuf_preio/DIN0               PRE_IO_PIN_TYPE_000001       463               973   +INF  FALL       1
I__21/I                                  Odrv4                          0               973   +INF  FALL       1
I__21/O                                  Odrv4                        372              1345   +INF  FALL       1
I__22/I                                  IoSpan4Mux                     0              1345   +INF  FALL       1
I__22/O                                  IoSpan4Mux                   323              1667   +INF  FALL       1
I__23/I                                  Span4Mux_h                     0              1667   +INF  FALL       1
I__23/O                                  Span4Mux_h                   316              1983   +INF  FALL       1
I__24/I                                  Span4Mux_h                     0              1983   +INF  FALL       1
I__24/O                                  Span4Mux_h                   316              2298   +INF  FALL       1
I__25/I                                  LocalMux                       0              2298   +INF  FALL       1
I__25/O                                  LocalMux                     309              2607   +INF  FALL       1
I__26/I                                  InMux                          0              2607   +INF  FALL       1
I__26/O                                  InMux                        217              2824   +INF  FALL       1
i_Switch_1_ibuf_RNIFTM7_LC_26_3_0/in3    LogicCell40_SEQ_MODE_0000      0              2824   +INF  FALL       1
i_Switch_1_ibuf_RNIFTM7_LC_26_3_0/lcout  LogicCell40_SEQ_MODE_0000    288              3112   +INF  FALL       3
I__10/I                                  Odrv4                          0              3112   +INF  FALL       1
I__10/O                                  Odrv4                        372              3484   +INF  FALL       1
I__11/I                                  Span4Mux_h                     0              3484   +INF  FALL       1
I__11/O                                  Span4Mux_h                   316              3799   +INF  FALL       1
I__12/I                                  Span4Mux_s0_h                  0              3799   +INF  FALL       1
I__12/O                                  Span4Mux_s0_h                140              3940   +INF  FALL       1
I__13/I                                  IoSpan4Mux                     0              3940   +INF  FALL       1
I__13/O                                  IoSpan4Mux                   323              4262   +INF  FALL       1
I__16/I                                  IoSpan4Mux                     0              4262   +INF  FALL       1
I__16/O                                  IoSpan4Mux                   323              4585   +INF  FALL       1
I__19/I                                  LocalMux                       0              4585   +INF  FALL       1
I__19/O                                  LocalMux                     309              4893   +INF  FALL       1
I__20/I                                  IoInMux                        0              4893   +INF  FALL       1
I__20/O                                  IoInMux                      217              5111   +INF  FALL       1
o_LED_3_obuf_preio/DOUT0                 PRE_IO_PIN_TYPE_011001         0              5111   +INF  FALL       1
o_LED_3_obuf_preio/PADOUT                PRE_IO_PIN_TYPE_011001      2237              7348   +INF  FALL       1
o_LED_3_obuf_iopad/DIN                   IO_PAD                         0              7348   +INF  FALL       1
o_LED_3_obuf_iopad/PACKAGEPIN:out        IO_PAD                      2488              9836   +INF  FALL       1
o_LED_3                                  Switches_To_LEDs               0              9836   +INF  FALL       1

===================================================================== 
                    End of Detailed Hold Report for all timing paths 
##################################################################### 

##################################################################### 
                    End of Timing Report 
##################################################################### 

